File /home/cc/research/datasets/coco-nomic-768-normalized/base.fvecs loaded
Rows 282360 Cols 768
File /home/cc/research/datasets/coco-nomic-768-normalized/query.fvecs loaded
Rows 100 Cols 768
File /home/cc/research/datasets/coco-nomic-768-normalized/groundtruth.ivecs loaded
Rows 100 Cols 100
File /home/cc/index/ivf_index/coco-nomic-768-normalized_centroids_4096.fvecs loaded
Rows 4096 Cols 768
File /home/cc/index/ivf_index/coco-nomic-768-normalized_clusterids_4096.ivecs loaded
Rows 282360 Cols 1
data loaded
	N: 282360
	DIM: 768
FhtKacRotator is selected
Start IVF construction...
	Loading clustering information...
Allocating memory for IVF...
Indexing time 0.0134734
0.0693	5
0.1189	10
0.1865	20
0.2145	30
0.2351	40
0.2421	50
0.2484	60
0.2591	70
0.2623	80
0.264	90
0.2674	100
0.2688	110
0.271	120
0.2716	130
0.2747	140
0.2749	150
0.2753	160
0.2756	170
nprobe	QPS	recall
5	1537.46	0.0693
10	1536.55	0.1189
20	1428.92	0.1865
30	1382.12	0.2145
40	1331.32	0.2351
50	1266.87	0.2421
60	1223.65	0.2484
70	1195.84	0.2591
80	1162.63	0.2623
90	1095.38	0.264
100	1063.93	0.2674
110	1035.6	0.2688
120	1009.82	0.271
130	989.025	0.2716
140	980.46	0.2747
150	962.96	0.2749
160	948.442	0.2753
170	934.092	0.2756
180	920.177	0.2742
	Command being timed: "./bin/ivf_rabitq_indexing /home/cc/research/datasets/coco-nomic-768-normalized/base.fvecs /home/cc/research/datasets/coco-nomic-768-normalized/query.fvecs /home/cc/research/datasets/coco-nomic-768-normalized/groundtruth.ivecs /home/cc/index/ivf_index/coco-nomic-768-normalized_centroids_4096.fvecs /home/cc/index/ivf_index/coco-nomic-768-normalized_clusterids_4096.ivecs 1"
	User time (seconds): 10.97
	System time (seconds): 0.61
	Percent of CPU this job got: 99%
	Elapsed (wall clock) time (h:mm:ss or m:ss): 0:11.58
	Average shared text size (kbytes): 0
	Average unshared data size (kbytes): 0
	Average stack size (kbytes): 0
	Average total size (kbytes): 0
	Maximum resident set size (kbytes): 928000
	Average resident set size (kbytes): 0
	Major (requiring I/O) page faults: 0
	Minor (reclaiming a frame) page faults: 232676
	Voluntary context switches: 1
	Involuntary context switches: 15
	Swaps: 0
	File system inputs: 0
	File system outputs: 24
	Socket messages sent: 0
	Socket messages received: 0
	Signals delivered: 0
	Page size (bytes): 4096
	Exit status: 0
