File /home/cc/research/datasets/millionSong/base.fvecs loaded
Rows 992272 Cols 420
File /home/cc/research/datasets/millionSong/query.fvecs loaded
Rows 200 Cols 420
File /home/cc/research/datasets/millionSong/groundtruth.ivecs loaded
Rows 200 Cols 20
File /home/cc/index/ivf_index/millionSong_centroids_4096.fvecs loaded
Rows 4096 Cols 420
File /home/cc/index/ivf_index/millionSong_clusterids_4096.ivecs loaded
Rows 992272 Cols 1
data loaded
	N: 992272
	DIM: 420
FhtKacRotator is selected
Start IVF construction...
	Loading clustering information...
Allocating memory for IVF...
Indexing time 1.26719
0.75075	5
0.865	10
0.92775	20
0.9465	30
0.9495	40
0.95375	50
0.9565	60
0.95725	70
0.9585	80
0.959	90
0.95925	100
0.9595	110
0.95975	120
0.96	130
nprobe	QPS	recall
5	2683.44	0.75075
10	2498.58	0.865
20	2220.53	0.92775
30	2007.14	0.9465
40	1836.07	0.9495
50	1686.32	0.95375
60	1564.72	0.9565
70	1461.46	0.95725
80	1356.62	0.9585
90	1289.4	0.959
100	1219.89	0.95925
110	1157.81	0.9595
120	1093.2	0.95975
130	1051.55	0.96
140	998.94	0.96
	Command being timed: "./bin/ivf_rabitq_indexing /home/cc/research/datasets/millionSong/base.fvecs /home/cc/research/datasets/millionSong/query.fvecs /home/cc/research/datasets/millionSong/groundtruth.ivecs /home/cc/index/ivf_index/millionSong_centroids_4096.fvecs /home/cc/index/ivf_index/millionSong_clusterids_4096.ivecs 4"
	User time (seconds): 88.11
	System time (seconds): 1.26
	Percent of CPU this job got: 99%
	Elapsed (wall clock) time (h:mm:ss or m:ss): 1:29.38
	Average shared text size (kbytes): 0
	Average unshared data size (kbytes): 0
	Average stack size (kbytes): 0
	Average total size (kbytes): 0
	Maximum resident set size (kbytes): 1908480
	Average resident set size (kbytes): 0
	Major (requiring I/O) page faults: 0
	Minor (reclaiming a frame) page faults: 478627
	Voluntary context switches: 1
	Involuntary context switches: 122
	Swaps: 0
	File system inputs: 0
	File system outputs: 24
	Socket messages sent: 0
	Socket messages received: 0
	Signals delivered: 0
	Page size (bytes): 4096
	Exit status: 0
