File /home/cc/research/datasets/glove/base.fvecs loaded
Rows 1192514 Cols 100
File /home/cc/research/datasets/glove/query.fvecs loaded
Rows 200 Cols 100
File /home/cc/research/datasets/glove/groundtruth.ivecs loaded
Rows 200 Cols 20
File /home/cc/index/ivf_index/glove_centroids_4096.fvecs loaded
Rows 4096 Cols 100
File /home/cc/index/ivf_index/glove_clusterids_4096.ivecs loaded
Rows 1192514 Cols 1
data loaded
	N: 1192514
	DIM: 100
FhtKacRotator is selected
Start IVF construction...
	Loading clustering information...
Allocating memory for IVF...
Indexing time 0.36496
0.52425	5
0.627	10
0.711	20
0.75625	30
0.7825	40
0.80475	50
0.81825	60
0.831	70
0.8395	80
0.8465	90
0.8525	100
0.8585	110
0.86075	120
0.86375	130
0.86675	140
0.871	150
0.8755	160
0.87675	170
0.87825	180
0.87925	190
0.88	200
0.885	240
0.888	280
0.8925	320
0.8945	360
0.8955	400
0.8965	500
0.8975	600
0.89825	700
0.8995	800
0.9	900
0.90025	1000
0.90075	1100
nprobe	QPS	recall
5	7265.76	0.52425
10	6190.8	0.627
20	4987.19	0.711
30	4217.36	0.75625
40	3681.69	0.7825
50	3261.63	0.80475
60	2930.53	0.81825
70	2711.69	0.831
80	2523	0.8395
90	2348.25	0.8465
100	2201.53	0.8525
110	2060.01	0.8585
120	1934.34	0.86075
130	1845.29	0.86375
140	1741.26	0.86675
150	1653.99	0.871
160	1589.21	0.8755
170	1509.7	0.87675
180	1453.66	0.87825
190	1413.64	0.87925
200	1363.39	0.88
240	1209.49	0.885
280	1076.04	0.888
320	977.168	0.8925
360	890.675	0.8945
400	820.627	0.8955
500	681.706	0.8965
600	591.37	0.8975
700	520.937	0.89825
800	466.222	0.8995
900	423.227	0.9
1000	387.813	0.90025
1100	360.55	0.90075
1200	337.36	0.9005
	Command being timed: "./bin/ivf_rabitq_indexing /home/cc/research/datasets/glove/base.fvecs /home/cc/research/datasets/glove/query.fvecs /home/cc/research/datasets/glove/groundtruth.ivecs /home/cc/index/ivf_index/glove_centroids_4096.fvecs /home/cc/index/ivf_index/glove_clusterids_4096.ivecs 4"
	User time (seconds): 60.79
	System time (seconds): 0.35
	Percent of CPU this job got: 99%
	Elapsed (wall clock) time (h:mm:ss or m:ss): 1:01.14
	Average shared text size (kbytes): 0
	Average unshared data size (kbytes): 0
	Average stack size (kbytes): 0
	Average total size (kbytes): 0
	Maximum resident set size (kbytes): 591360
	Average resident set size (kbytes): 0
	Major (requiring I/O) page faults: 0
	Minor (reclaiming a frame) page faults: 148179
	Voluntary context switches: 1
	Involuntary context switches: 44
	Swaps: 0
	File system inputs: 0
	File system outputs: 24
	Socket messages sent: 0
	Socket messages received: 0
	Signals delivered: 0
	Page size (bytes): 4096
	Exit status: 0
