File /home/cc/research/datasets/gooaq-distilroberta-768-normalized/base.fvecs loaded
Rows 1000000 Cols 768
File /home/cc/research/datasets/gooaq-distilroberta-768-normalized/query.fvecs loaded
Rows 100 Cols 768
File /home/cc/research/datasets/gooaq-distilroberta-768-normalized/groundtruth.ivecs loaded
Rows 100 Cols 100
File /home/cc/index/ivf_index/gooaq-distilroberta-768-normalized_centroids_4096.fvecs loaded
Rows 4096 Cols 768
File /home/cc/index/ivf_index/gooaq-distilroberta-768-normalized_clusterids_4096.ivecs loaded
Rows 1000000 Cols 1
data loaded
	N: 1000000
	DIM: 768
FhtKacRotator is selected
Start IVF construction...
	Loading clustering information...
Allocating memory for IVF...
Indexing time 0.0542791
0.7287	5
0.7826	10
0.8205	20
0.8372	30
0.8451	40
0.8497	50
0.8519	60
0.8542	70
0.8564	80
0.8572	90
0.8584	100
0.8602	110
0.8611	120
0.8621	130
0.8629	140
0.8639	150
0.8643	160
0.8647	170
nprobe	QPS	recall
5	1435.5	0.7287
10	1414.01	0.7826
20	1239.61	0.8205
30	1108.77	0.8372
40	986.606	0.8451
50	922.494	0.8497
60	856.675	0.8519
70	797.642	0.8542
80	748.626	0.8564
90	696.862	0.8572
100	673.322	0.8584
110	647.471	0.8602
120	607.95	0.8611
130	583.26	0.8621
140	559.029	0.8629
150	540.654	0.8639
160	518.019	0.8643
170	503.968	0.8647
180	483.988	0.8647
	Command being timed: "./bin/ivf_rabitq_indexing /home/cc/research/datasets/gooaq-distilroberta-768-normalized/base.fvecs /home/cc/research/datasets/gooaq-distilroberta-768-normalized/query.fvecs /home/cc/research/datasets/gooaq-distilroberta-768-normalized/groundtruth.ivecs /home/cc/index/ivf_index/gooaq-distilroberta-768-normalized_centroids_4096.fvecs /home/cc/index/ivf_index/gooaq-distilroberta-768-normalized_clusterids_4096.ivecs 1"
	User time (seconds): 19.53
	System time (seconds): 2.22
	Percent of CPU this job got: 99%
	Elapsed (wall clock) time (h:mm:ss or m:ss): 0:21.75
	Average shared text size (kbytes): 0
	Average unshared data size (kbytes): 0
	Average stack size (kbytes): 0
	Average total size (kbytes): 0
	Maximum resident set size (kbytes): 3168680
	Average resident set size (kbytes): 0
	Major (requiring I/O) page faults: 0
	Minor (reclaiming a frame) page faults: 793680
	Voluntary context switches: 1
	Involuntary context switches: 28
	Swaps: 0
	File system inputs: 0
	File system outputs: 24
	Socket messages sent: 0
	Socket messages received: 0
	Signals delivered: 0
	Page size (bytes): 4096
	Exit status: 0
