File /home/cc/research/datasets/movielens/base.fvecs loaded
Rows 10677 Cols 150
File /home/cc/research/datasets/movielens/query.fvecs loaded
Rows 1000 Cols 150
File /home/cc/research/datasets/movielens/groundtruth.ivecs loaded
Rows 1000 Cols 100
File /home/cc/index/ivf_index/movielens_centroids_4096.fvecs loaded
Rows 4096 Cols 150
File /home/cc/index/ivf_index/movielens_clusterids_4096.ivecs loaded
Rows 10677 Cols 1
data loaded
	N: 10677
	DIM: 150
FhtKacRotator is selected
Start IVF construction...
	Loading clustering information...
Allocating memory for IVF...
Indexing time 0.000349539
0.14065	5
0.26474	10
0.46664	20
0.61598	30
0.71817	40
0.78322	50
0.82638	60
0.85467	70
0.87372	80
0.88826	90
0.89773	100
0.90438	110
0.90929	120
0.91288	130
0.91571	140
0.9176	150
0.9196	160
0.92071	170
0.92178	180
0.92281	190
0.92338	200
0.92481	240
0.92539	280
0.92598	320
0.92625	360
0.92629	400
0.92633	500
0.92639	600
0.9264	700
nprobe	QPS	recall
5	6849.17	0.14065
10	6678.63	0.26474
20	6351.98	0.46664
30	6067.85	0.61598
40	5807.86	0.71817
50	5583.7	0.78322
60	5398.36	0.82638
70	5228.16	0.85467
80	5073.18	0.87372
90	4924.41	0.88826
100	4790.14	0.89773
110	4667.59	0.90438
120	4548.89	0.90929
130	4442.73	0.91288
140	4338.01	0.91571
150	4244.78	0.9176
160	4156.57	0.9196
170	4074.9	0.92071
180	3989.07	0.92178
190	3909.38	0.92281
200	3834.32	0.92338
240	3570.75	0.92481
280	3353.32	0.92539
320	3162.21	0.92598
360	2996.24	0.92625
400	2844.8	0.92629
500	2532.77	0.92633
600	2296.46	0.92639
700	2089.33	0.9264
800	1946.15	0.9264
	Command being timed: "./bin/ivf_rabitq_indexing /home/cc/research/datasets/movielens/base.fvecs /home/cc/research/datasets/movielens/query.fvecs /home/cc/research/datasets/movielens/groundtruth.ivecs /home/cc/index/ivf_index/movielens_centroids_4096.fvecs /home/cc/index/ivf_index/movielens_clusterids_4096.ivecs 1"
	User time (seconds): 47.40
	System time (seconds): 0.01
	Percent of CPU this job got: 99%
	Elapsed (wall clock) time (h:mm:ss or m:ss): 0:47.41
	Average shared text size (kbytes): 0
	Average unshared data size (kbytes): 0
	Average stack size (kbytes): 0
	Average total size (kbytes): 0
	Maximum resident set size (kbytes): 23040
	Average resident set size (kbytes): 0
	Major (requiring I/O) page faults: 0
	Minor (reclaiming a frame) page faults: 5382
	Voluntary context switches: 1
	Involuntary context switches: 17
	Swaps: 0
	File system inputs: 0
	File system outputs: 24
	Socket messages sent: 0
	Socket messages received: 0
	Signals delivered: 0
	Page size (bytes): 4096
	Exit status: 0
