File /home/cc/research/datasets/notre/base.fvecs loaded
Rows 332668 Cols 128
File /home/cc/research/datasets/notre/query.fvecs loaded
Rows 200 Cols 128
File /home/cc/research/datasets/notre/groundtruth.ivecs loaded
Rows 200 Cols 20
File /home/cc/index/ivf_index/notre_centroids_4096.fvecs loaded
Rows 4096 Cols 128
File /home/cc/index/ivf_index/notre_clusterids_4096.ivecs loaded
Rows 332668 Cols 1
data loaded
	N: 332668
	DIM: 128
FhtKacRotator is selected
Start IVF construction...
	Loading clustering information...
Allocating memory for IVF...
Indexing time 0.0571232
0.70975	5
0.78275	10
0.8235	20
0.83725	30
0.84325	40
0.84975	50
0.85075	60
0.852	70
0.85375	80
0.85425	90
0.8555	100
0.85625	110
0.85675	120
nprobe	QPS	recall
5	8959.13	0.70975
10	8312.68	0.78275
20	7319.67	0.8235
30	6583.4	0.83725
40	5972.38	0.84325
50	5578.34	0.84975
60	5198.94	0.85075
70	4855.89	0.852
80	4534.42	0.85375
90	4292.62	0.85425
100	4117.28	0.8555
110	3912.27	0.85625
120	3735.05	0.85675
130	3574.02	0.85675
	Command being timed: "./bin/ivf_rabitq_indexing /home/cc/research/datasets/notre/base.fvecs /home/cc/research/datasets/notre/query.fvecs /home/cc/research/datasets/notre/groundtruth.ivecs /home/cc/index/ivf_index/notre_centroids_4096.fvecs /home/cc/index/ivf_index/notre_clusterids_4096.ivecs 2"
	User time (seconds): 6.76
	System time (seconds): 0.14
	Percent of CPU this job got: 100%
	Elapsed (wall clock) time (h:mm:ss or m:ss): 0:06.90
	Average shared text size (kbytes): 0
	Average unshared data size (kbytes): 0
	Average stack size (kbytes): 0
	Average total size (kbytes): 0
	Maximum resident set size (kbytes): 199680
	Average resident set size (kbytes): 0
	Major (requiring I/O) page faults: 0
	Minor (reclaiming a frame) page faults: 49315
	Voluntary context switches: 1
	Involuntary context switches: 8
	Swaps: 0
	File system inputs: 0
	File system outputs: 16
	Socket messages sent: 0
	Socket messages received: 0
	Signals delivered: 0
	Page size (bytes): 4096
	Exit status: 0
