File /home/cc/research/datasets/imagenet-clip-512-normalized/base.fvecs loaded
Rows 1000000 Cols 512
File /home/cc/research/datasets/imagenet-clip-512-normalized/query.fvecs loaded
Rows 100 Cols 512
File /home/cc/research/datasets/imagenet-clip-512-normalized/groundtruth.ivecs loaded
Rows 100 Cols 100
File /home/cc/index/ivf_index/imagenet-clip-512-normalized_centroids_4096.fvecs loaded
Rows 4096 Cols 512
File /home/cc/index/ivf_index/imagenet-clip-512-normalized_clusterids_4096.ivecs loaded
Rows 1000000 Cols 1
data loaded
	N: 1000000
	DIM: 512
FhtKacRotator is selected
Start IVF construction...
	Loading clustering information...
Allocating memory for IVF...
Indexing time 0.0382435
0.6479	5
0.723	10
0.77	20
0.7881	30
0.7944	40
0.8002	50
0.8042	60
0.8061	70
0.809	80
0.8094	90
nprobe	QPS	recall
5	2370.44	0.6479
10	2260.26	0.723
20	2024	0.77
30	1813.55	0.7881
40	1646	0.7944
50	1487.42	0.8002
60	1403.73	0.8042
70	1317.24	0.8061
80	1244.94	0.809
90	1176.29	0.8094
100	1116.36	0.8093
	Command being timed: "./bin/ivf_rabitq_indexing /home/cc/research/datasets/imagenet-clip-512-normalized/base.fvecs /home/cc/research/datasets/imagenet-clip-512-normalized/query.fvecs /home/cc/research/datasets/imagenet-clip-512-normalized/groundtruth.ivecs /home/cc/index/ivf_index/imagenet-clip-512-normalized_centroids_4096.fvecs /home/cc/index/ivf_index/imagenet-clip-512-normalized_clusterids_4096.ivecs 1"
	User time (seconds): 6.81
	System time (seconds): 1.29
	Percent of CPU this job got: 99%
	Elapsed (wall clock) time (h:mm:ss or m:ss): 0:08.10
	Average shared text size (kbytes): 0
	Average unshared data size (kbytes): 0
	Average stack size (kbytes): 0
	Average total size (kbytes): 0
	Maximum resident set size (kbytes): 2121912
	Average resident set size (kbytes): 0
	Major (requiring I/O) page faults: 0
	Minor (reclaiming a frame) page faults: 532030
	Voluntary context switches: 1
	Involuntary context switches: 9
	Swaps: 0
	File system inputs: 0
	File system outputs: 16
	Socket messages sent: 0
	Socket messages received: 0
	Signals delivered: 0
	Page size (bytes): 4096
	Exit status: 0
