File /home/cc/research/datasets/arxiv-nomic-768-normalized/base.fvecs loaded
Rows 1000000 Cols 768
File /home/cc/research/datasets/arxiv-nomic-768-normalized/query.fvecs loaded
Rows 100 Cols 768
File /home/cc/research/datasets/arxiv-nomic-768-normalized/groundtruth.ivecs loaded
Rows 100 Cols 100
File /home/cc/index/ivf_index/arxiv-nomic-768-normalized_centroids_4096.fvecs loaded
Rows 4096 Cols 768
File /home/cc/index/ivf_index/arxiv-nomic-768-normalized_clusterids_4096.ivecs loaded
Rows 1000000 Cols 1
data loaded
	N: 1000000
	DIM: 768
FhtKacRotator is selected
Start IVF construction...
	Loading clustering information...
Allocating memory for IVF...
Indexing time 2.23387
0.6852	5
0.7803	10
0.8629	20
0.8973	30
0.9177	40
0.9298	50
0.9393	60
0.9443	70
0.951	80
0.9543	90
0.9568	100
0.9583	110
0.961	120
0.9621	130
0.9644	140
0.966	150
0.9665	160
0.9673	170
0.9678	180
0.9682	190
0.9686	200
0.97	240
0.9704	280
0.9715	320
0.9718	360
0.9721	400
0.9728	500
0.9729	600
0.973	700
0.9731	800
0.9732	900
nprobe	QPS	recall
5	1508	0.6852
10	1443.93	0.7803
20	1322.62	0.8629
30	1231.15	0.8973
40	1154.67	0.9177
50	1088.91	0.9298
60	1030.42	0.9393
70	978.247	0.9443
80	931.462	0.951
90	889.72	0.9543
100	846.919	0.9568
110	823.21	0.9583
120	791.72	0.961
130	763.902	0.9621
140	730.099	0.9644
150	703.043	0.966
160	680.753	0.9665
170	654.745	0.9673
180	633.243	0.9678
190	608.397	0.9682
200	587.486	0.9686
240	522.59	0.97
280	472.515	0.9704
320	433.515	0.9715
360	400.927	0.9718
400	373.782	0.9721
500	320.872	0.9728
600	281.34	0.9729
700	249.21	0.973
800	226.583	0.9731
900	207.633	0.9732
1000	190.302	0.9732
	Command being timed: "./bin/ivf_rabitq_indexing /home/cc/research/datasets/arxiv-nomic-768-normalized/base.fvecs /home/cc/research/datasets/arxiv-nomic-768-normalized/query.fvecs /home/cc/research/datasets/arxiv-nomic-768-normalized/groundtruth.ivecs /home/cc/index/ivf_index/arxiv-nomic-768-normalized_centroids_4096.fvecs /home/cc/index/ivf_index/arxiv-nomic-768-normalized_clusterids_4096.ivecs 4"
	User time (seconds): 171.56
	System time (seconds): 4.20
	Percent of CPU this job got: 94%
	Elapsed (wall clock) time (h:mm:ss or m:ss): 3:05.73
	Average shared text size (kbytes): 0
	Average unshared data size (kbytes): 0
	Average stack size (kbytes): 0
	Average total size (kbytes): 0
	Maximum resident set size (kbytes): 3457280
	Average resident set size (kbytes): 0
	Major (requiring I/O) page faults: 0
	Minor (reclaiming a frame) page faults: 867433
	Voluntary context switches: 20725
	Involuntary context switches: 212
	Swaps: 0
	File system inputs: 6008472
	File system outputs: 32
	Socket messages sent: 0
	Socket messages received: 0
	Signals delivered: 0
	Page size (bytes): 4096
	Exit status: 0
