File /home/cc/research/datasets/sald1m/base.fvecs loaded
Rows 1000000 Cols 128
File /home/cc/research/datasets/sald1m/query.fvecs loaded
Rows 100 Cols 128
File /home/cc/research/datasets/sald1m/groundtruth.ivecs loaded
Rows 100 Cols 100
File /home/cc/index/ivf_index/sald1m_centroids_4096.fvecs loaded
Rows 4096 Cols 128
File /home/cc/index/ivf_index/sald1m_clusterids_4096.ivecs loaded
Rows 1000000 Cols 1
data loaded
	N: 1000000
	DIM: 128
FhtKacRotator is selected
Start IVF construction...
	Loading clustering information...
Allocating memory for IVF...
Indexing time 0.169766
0.6084	5
0.6924	10
0.7466	20
0.7636	30
0.7744	40
0.7817	50
0.7885	60
0.7914	70
0.8014	80
0.805	90
0.8066	100
nprobe	QPS	recall
5	6948.9	0.6084
10	6075.86	0.6924
20	5135.54	0.7466
30	4524.81	0.7636
40	4081.15	0.7744
50	3725.1	0.7817
60	3411.57	0.7885
70	3168.38	0.7914
80	2951.22	0.8014
90	2780.59	0.805
100	2619.34	0.8066
110	2509.09	0.8064
	Command being timed: "./bin/ivf_rabitq_indexing /home/cc/research/datasets/sald1m/base.fvecs /home/cc/research/datasets/sald1m/query.fvecs /home/cc/research/datasets/sald1m/groundtruth.ivecs /home/cc/index/ivf_index/sald1m_centroids_4096.fvecs /home/cc/index/ivf_index/sald1m_clusterids_4096.ivecs 2"
	User time (seconds): 12.26
	System time (seconds): 0.38
	Percent of CPU this job got: 99%
	Elapsed (wall clock) time (h:mm:ss or m:ss): 0:12.65
	Average shared text size (kbytes): 0
	Average unshared data size (kbytes): 0
	Average stack size (kbytes): 0
	Average total size (kbytes): 0
	Maximum resident set size (kbytes): 576000
	Average resident set size (kbytes): 0
	Major (requiring I/O) page faults: 0
	Minor (reclaiming a frame) page faults: 144099
	Voluntary context switches: 1
	Involuntary context switches: 15
	Swaps: 0
	File system inputs: 0
	File system outputs: 16
	Socket messages sent: 0
	Socket messages received: 0
	Signals delivered: 0
	Page size (bytes): 4096
	Exit status: 0
