File /home/cc/research/datasets/trevi/base.fvecs loaded
Rows 99900 Cols 4096
File /home/cc/research/datasets/trevi/query.fvecs loaded
Rows 200 Cols 4096
File /home/cc/research/datasets/trevi/groundtruth.ivecs loaded
Rows 200 Cols 20
File /home/cc/index/ivf_index/trevi_centroids_4096.fvecs loaded
Rows 4096 Cols 4096
File /home/cc/index/ivf_index/trevi_clusterids_4096.ivecs loaded
Rows 99900 Cols 1
data loaded
	N: 99900
	DIM: 4096
FhtKacRotator is selected
dimension of vector is too big
Command exited with non-zero status 1
	Command being timed: "./bin/ivf_rabitq_indexing /home/cc/research/datasets/trevi/base.fvecs /home/cc/research/datasets/trevi/query.fvecs /home/cc/research/datasets/trevi/groundtruth.ivecs /home/cc/index/ivf_index/trevi_centroids_4096.fvecs /home/cc/index/ivf_index/trevi_clusterids_4096.ivecs 2"
	User time (seconds): 0.07
	System time (seconds): 1.21
	Percent of CPU this job got: 99%
	Elapsed (wall clock) time (h:mm:ss or m:ss): 0:01.29
	Average shared text size (kbytes): 0
	Average unshared data size (kbytes): 0
	Average stack size (kbytes): 0
	Average total size (kbytes): 0
	Maximum resident set size (kbytes): 1670400
	Average resident set size (kbytes): 0
	Major (requiring I/O) page faults: 0
	Minor (reclaiming a frame) page faults: 417044
	Voluntary context switches: 1
	Involuntary context switches: 2
	Swaps: 0
	File system inputs: 0
	File system outputs: 8
	Socket messages sent: 0
	Socket messages received: 0
	Signals delivered: 0
	Page size (bytes): 4096
	Exit status: 1
