File /home/cc/research/datasets/landmark-nomic-768-normalized/base.fvecs loaded
Rows 760757 Cols 768
File /home/cc/research/datasets/landmark-nomic-768-normalized/query.fvecs loaded
Rows 100 Cols 768
File /home/cc/research/datasets/landmark-nomic-768-normalized/groundtruth.ivecs loaded
Rows 100 Cols 100
File /home/cc/index/ivf_index/landmark-nomic-768-normalized_centroids_4096.fvecs loaded
Rows 4096 Cols 768
File /home/cc/index/ivf_index/landmark-nomic-768-normalized_clusterids_4096.ivecs loaded
Rows 760757 Cols 1
data loaded
	N: 760757
	DIM: 768
FhtKacRotator is selected
Start IVF construction...
	Loading clustering information...
Allocating memory for IVF...
Indexing time 1.70276
0.7516	5
0.8747	10
0.9376	20
0.957	30
0.9669	40
0.9715	50
0.9751	60
0.9768	70
0.9773	80
0.9781	90
0.979	100
0.9793	110
0.9801	120
0.9803	130
0.9807	140
0.9811	150
nprobe	QPS	recall
5	1449.53	0.7516
10	1413.71	0.8747
20	1307.75	0.9376
30	1223.28	0.957
40	1125.77	0.9669
50	1082.37	0.9715
60	1020.7	0.9751
70	961.654	0.9768
80	922.317	0.9773
90	884.04	0.9781
100	840.373	0.979
110	816.342	0.9793
120	785.107	0.9801
130	762.948	0.9803
140	742.434	0.9807
150	713.509	0.9811
160	700.892	0.9811
	Command being timed: "./bin/ivf_rabitq_indexing /home/cc/research/datasets/landmark-nomic-768-normalized/base.fvecs /home/cc/research/datasets/landmark-nomic-768-normalized/query.fvecs /home/cc/research/datasets/landmark-nomic-768-normalized/groundtruth.ivecs /home/cc/index/ivf_index/landmark-nomic-768-normalized_centroids_4096.fvecs /home/cc/index/ivf_index/landmark-nomic-768-normalized_clusterids_4096.ivecs 4"
	User time (seconds): 112.96
	System time (seconds): 1.67
	Percent of CPU this job got: 99%
	Elapsed (wall clock) time (h:mm:ss or m:ss): 1:54.64
	Average shared text size (kbytes): 0
	Average unshared data size (kbytes): 0
	Average stack size (kbytes): 0
	Average total size (kbytes): 0
	Maximum resident set size (kbytes): 2640860
	Average resident set size (kbytes): 0
	Major (requiring I/O) page faults: 0
	Minor (reclaiming a frame) page faults: 663067
	Voluntary context switches: 1
	Involuntary context switches: 250
	Swaps: 0
	File system inputs: 0
	File system outputs: 32
	Socket messages sent: 0
	Socket messages received: 0
	Signals delivered: 0
	Page size (bytes): 4096
	Exit status: 0
