File /home/cc/research/datasets/txed/base.fvecs loaded
Rows 519589 Cols 256
File /home/cc/research/datasets/txed/query.fvecs loaded
Rows 100 Cols 256
File /home/cc/research/datasets/txed/groundtruth.ivecs loaded
Rows 100 Cols 100
File /home/cc/index/ivf_index/txed_centroids_4096.fvecs loaded
Rows 4096 Cols 256
File /home/cc/index/ivf_index/txed_clusterids_4096.ivecs loaded
Rows 519589 Cols 1
data loaded
	N: 519589
	DIM: 256
FhtKacRotator is selected
Start IVF construction...
	Loading clustering information...
Allocating memory for IVF...
Indexing time 0.0108346
0.3938	5
0.5004	10
0.5615	20
0.5861	30
0.5934	40
0.5986	50
0.6035	60
0.6074	70
0.6084	80
0.6086	90
nprobe	QPS	recall
5	3787.37	0.3938
10	3236.65	0.5004
20	2519.81	0.5615
30	2129.77	0.5861
40	1863.6	0.5934
50	1692.91	0.5986
60	1544.97	0.6035
70	1391.43	0.6074
80	1304.06	0.6084
90	1202.1	0.6086
100	1128.73	0.6086
	Command being timed: "./bin/ivf_rabitq_indexing /home/cc/research/datasets/txed/base.fvecs /home/cc/research/datasets/txed/query.fvecs /home/cc/research/datasets/txed/groundtruth.ivecs /home/cc/index/ivf_index/txed_centroids_4096.fvecs /home/cc/index/ivf_index/txed_clusterids_4096.ivecs 1"
	User time (seconds): 4.57
	System time (seconds): 0.37
	Percent of CPU this job got: 100%
	Elapsed (wall clock) time (h:mm:ss or m:ss): 0:04.94
	Average shared text size (kbytes): 0
	Average unshared data size (kbytes): 0
	Average stack size (kbytes): 0
	Average total size (kbytes): 0
	Maximum resident set size (kbytes): 574208
	Average resident set size (kbytes): 0
	Major (requiring I/O) page faults: 0
	Minor (reclaiming a frame) page faults: 146067
	Voluntary context switches: 1
	Involuntary context switches: 7
	Swaps: 0
	File system inputs: 0
	File system outputs: 8
	Socket messages sent: 0
	Socket messages received: 0
	Signals delivered: 0
	Page size (bytes): 4096
	Exit status: 0
