File /home/cc/research/datasets/OBS/base.fvecs loaded
Rows 1000000 Cols 256
File /home/cc/research/datasets/OBS/query.fvecs loaded
Rows 300 Cols 256
File /home/cc/research/datasets/OBS/groundtruth.ivecs loaded
Rows 300 Cols 100
File /home/cc/index/ivf_index/OBS_centroids_4096.fvecs loaded
Rows 4096 Cols 256
File /home/cc/index/ivf_index/OBS_clusterids_4096.ivecs loaded
Rows 1000000 Cols 1
data loaded
	N: 1000000
	DIM: 256
FhtKacRotator is selected
Start IVF construction...
	Loading clustering information...
Allocating memory for IVF...
Indexing time 0.341795
0.902567	5
0.948633	10
0.962733	20
0.964433	30
0.964867	40
0.9653	50
0.965467	60
0.965567	70
0.965767	80
0.965867	90
0.966067	100
0.966133	110
0.966167	120
0.966333	130
0.9666	140
0.969867	150
0.97	160
0.9703	170
0.9706	180
nprobe	QPS	recall
5	21.3133	0.902567
10	21.2896	0.948633
20	21.2869	0.962733
30	21.2892	0.964433
40	21.2999	0.964867
50	21.303	0.9653
60	21.313	0.965467
70	21.3226	0.965567
80	21.3212	0.965767
90	21.3222	0.965867
100	21.317	0.966067
110	21.3172	0.966133
120	21.3232	0.966167
130	21.332	0.966333
140	21.3234	0.9666
150	21.2185	0.969867
160	21.213	0.97
170	21.2093	0.9703
180	21.2082	0.9706
190	21.2068	0.9706
	Command being timed: "./bin/ivf_rabitq_indexing /home/cc/research/datasets/OBS/base.fvecs /home/cc/research/datasets/OBS/query.fvecs /home/cc/research/datasets/OBS/groundtruth.ivecs /home/cc/index/ivf_index/OBS_centroids_4096.fvecs /home/cc/index/ivf_index/OBS_clusterids_4096.ivecs 4"
	User time (seconds): 1712.59
	System time (seconds): 2.01
	Percent of CPU this job got: 99%
	Elapsed (wall clock) time (h:mm:ss or m:ss): 28:34.73
	Average shared text size (kbytes): 0
	Average unshared data size (kbytes): 0
	Average stack size (kbytes): 0
	Average total size (kbytes): 0
	Maximum resident set size (kbytes): 1873724
	Average resident set size (kbytes): 0
	Major (requiring I/O) page faults: 0
	Minor (reclaiming a frame) page faults: 471105
	Voluntary context switches: 1
	Involuntary context switches: 2381
	Swaps: 0
	File system inputs: 0
	File system outputs: 160
	Socket messages sent: 0
	Socket messages received: 0
	Signals delivered: 0
	Page size (bytes): 4096
	Exit status: 0
