File /home/cc/research/datasets/instancegm/base.fvecs loaded
Rows 1000000 Cols 128
File /home/cc/research/datasets/instancegm/query.fvecs loaded
Rows 100 Cols 128
File /home/cc/research/datasets/instancegm/groundtruth.ivecs loaded
Rows 100 Cols 100
File /home/cc/index/ivf_index/instancegm_centroids_4096.fvecs loaded
Rows 4096 Cols 128
File /home/cc/index/ivf_index/instancegm_clusterids_4096.ivecs loaded
Rows 1000000 Cols 1
data loaded
	N: 1000000
	DIM: 128
FhtKacRotator is selected
Start IVF construction...
	Loading clustering information...
Allocating memory for IVF...
Indexing time 0.0115342
0.7607	5
0.8073	10
0.8354	20
0.8434	30
0.8467	40
0.8508	50
0.8522	60
0.8525	70
0.8532	80
0.8536	90
0.8543	100
0.8545	110
0.8547	120
0.8553	130
0.8558	140
nprobe	QPS	recall
5	8193.38	0.7607
10	7399.6	0.8073
20	6297.99	0.8354
30	5534.51	0.8434
40	4966.62	0.8467
50	4501.48	0.8508
60	4117.55	0.8522
70	3757.05	0.8525
80	3525.16	0.8532
90	3292.12	0.8536
100	3164.17	0.8543
110	2956.72	0.8545
120	2800.24	0.8547
130	2690.64	0.8553
140	2537.02	0.8558
150	2484.52	0.8558
	Command being timed: "./bin/ivf_rabitq_indexing /home/cc/research/datasets/instancegm/base.fvecs /home/cc/research/datasets/instancegm/query.fvecs /home/cc/research/datasets/instancegm/groundtruth.ivecs /home/cc/index/ivf_index/instancegm_centroids_4096.fvecs /home/cc/index/ivf_index/instancegm_clusterids_4096.ivecs 1"
	User time (seconds): 3.38
	System time (seconds): 0.36
	Percent of CPU this job got: 100%
	Elapsed (wall clock) time (h:mm:ss or m:ss): 0:03.74
	Average shared text size (kbytes): 0
	Average unshared data size (kbytes): 0
	Average stack size (kbytes): 0
	Average total size (kbytes): 0
	Maximum resident set size (kbytes): 552960
	Average resident set size (kbytes): 0
	Major (requiring I/O) page faults: 0
	Minor (reclaiming a frame) page faults: 138306
	Voluntary context switches: 1
	Involuntary context switches: 9
	Swaps: 0
	File system inputs: 0
	File system outputs: 8
	Socket messages sent: 0
	Socket messages received: 0
	Signals delivered: 0
	Page size (bytes): 4096
	Exit status: 0
