File /home/cc/research/datasets/imagenet-clip-512-normalized/base.fvecs loaded
Rows 1000000 Cols 512
File /home/cc/research/datasets/imagenet-clip-512-normalized/query.fvecs loaded
Rows 100 Cols 512
File /home/cc/research/datasets/imagenet-clip-512-normalized/groundtruth.ivecs loaded
Rows 100 Cols 100
File /home/cc/index/ivf_index/imagenet-clip-512-normalized_centroids_4096.fvecs loaded
Rows 4096 Cols 512
File /home/cc/index/ivf_index/imagenet-clip-512-normalized_clusterids_4096.ivecs loaded
Rows 1000000 Cols 1
data loaded
	N: 1000000
	DIM: 512
FhtKacRotator is selected
Start IVF construction...
	Loading clustering information...
Allocating memory for IVF...
Indexing time 1.45992
0.6892	5
0.7952	10
0.8777	20
0.9109	30
0.9257	40
0.9354	50
0.9433	60
0.948	70
0.9529	80
0.9554	90
0.9566	100
0.9594	110
0.9617	120
0.9628	130
0.9632	140
0.9638	150
0.9648	160
0.9655	170
0.966	180
0.9662	190
0.9665	200
0.9675	240
0.9682	280
0.9686	320
0.9687	360
0.9691	400
0.9694	500
nprobe	QPS	recall
5	2174.18	0.6892
10	2051.21	0.7952
20	1863.41	0.8777
30	1724.9	0.9109
40	1611.36	0.9257
50	1515.26	0.9354
60	1429.31	0.9433
70	1355.38	0.948
80	1287.74	0.9529
90	1227.22	0.9554
100	1170.63	0.9566
110	1122.77	0.9594
120	1075.1	0.9617
130	1031.87	0.9628
140	992.075	0.9632
150	959.6	0.9638
160	927.265	0.9648
170	903.546	0.9655
180	873.602	0.966
190	845.274	0.9662
200	818.441	0.9665
240	727.801	0.9675
280	657.932	0.9682
320	600.073	0.9686
360	554.608	0.9687
400	513.937	0.9691
500	434.137	0.9694
600	378.421	0.9694
	Command being timed: "./bin/ivf_rabitq_indexing /home/cc/research/datasets/imagenet-clip-512-normalized/base.fvecs /home/cc/research/datasets/imagenet-clip-512-normalized/query.fvecs /home/cc/research/datasets/imagenet-clip-512-normalized/groundtruth.ivecs /home/cc/index/ivf_index/imagenet-clip-512-normalized_centroids_4096.fvecs /home/cc/index/ivf_index/imagenet-clip-512-normalized_clusterids_4096.ivecs 4"
	User time (seconds): 104.91
	System time (seconds): 3.31
	Percent of CPU this job got: 97%
	Elapsed (wall clock) time (h:mm:ss or m:ss): 1:50.97
	Average shared text size (kbytes): 0
	Average unshared data size (kbytes): 0
	Average stack size (kbytes): 0
	Average total size (kbytes): 0
	Maximum resident set size (kbytes): 2314240
	Average resident set size (kbytes): 0
	Major (requiring I/O) page faults: 0
	Minor (reclaiming a frame) page faults: 1094367
	Voluntary context switches: 15662
	Involuntary context switches: 145
	Swaps: 0
	File system inputs: 4008304
	File system outputs: 24
	Socket messages sent: 0
	Socket messages received: 0
	Signals delivered: 0
	Page size (bytes): 4096
	Exit status: 0
