File /home/cc/research/datasets/stead/base.fvecs loaded
Rows 1000000 Cols 256
File /home/cc/research/datasets/stead/query.fvecs loaded
Rows 100 Cols 256
File /home/cc/research/datasets/stead/groundtruth.ivecs loaded
Rows 100 Cols 100
File /home/cc/index/ivf_index/stead_centroids_4096.fvecs loaded
Rows 4096 Cols 256
File /home/cc/index/ivf_index/stead_clusterids_4096.ivecs loaded
Rows 1000000 Cols 1
data loaded
	N: 1000000
	DIM: 256
FhtKacRotator is selected
Start IVF construction...
	Loading clustering information...
Allocating memory for IVF...
Indexing time 0.753477
0.5628	5
0.6565	10
0.7507	20
0.801	30
0.8278	40
0.8448	50
0.86	60
0.8701	70
0.8773	80
0.8835	90
0.8898	100
0.8937	110
0.8975	120
0.9003	130
0.9031	140
0.9053	150
0.9069	160
0.9088	170
0.9105	180
0.9115	190
0.9126	200
0.9162	240
0.917	280
0.9178	320
0.9187	360
0.9192	400
0.9197	500
0.9198	600
0.92	700
nprobe	QPS	recall
5	2728.95	0.5628
10	1957.33	0.6565
20	1270.08	0.7507
30	969.429	0.801
40	802.569	0.8278
50	700.121	0.8448
60	625.777	0.86
70	573.043	0.8701
80	528.444	0.8773
90	495.559	0.8835
100	462.292	0.8898
110	438.858	0.8937
120	421.118	0.8975
130	403.771	0.9003
140	389.509	0.9031
150	378.324	0.9053
160	369.086	0.9069
170	354.584	0.9088
180	344.861	0.9105
190	334.23	0.9115
200	326.965	0.9126
240	301.948	0.9162
280	283.379	0.917
320	267.883	0.9178
360	255.9	0.9187
400	244.249	0.9192
500	224.357	0.9197
600	206.272	0.9198
700	194.634	0.92
800	185.217	0.92
	Command being timed: "./bin/ivf_rabitq_indexing /home/cc/research/datasets/stead/base.fvecs /home/cc/research/datasets/stead/query.fvecs /home/cc/research/datasets/stead/groundtruth.ivecs /home/cc/index/ivf_index/stead_centroids_4096.fvecs /home/cc/index/ivf_index/stead_clusterids_4096.ivecs 4"
	User time (seconds): 92.73
	System time (seconds): 1.25
	Percent of CPU this job got: 99%
	Elapsed (wall clock) time (h:mm:ss or m:ss): 1:33.99
	Average shared text size (kbytes): 0
	Average unshared data size (kbytes): 0
	Average stack size (kbytes): 0
	Average total size (kbytes): 0
	Maximum resident set size (kbytes): 1190700
	Average resident set size (kbytes): 0
	Major (requiring I/O) page faults: 0
	Minor (reclaiming a frame) page faults: 457063
	Voluntary context switches: 1
	Involuntary context switches: 165
	Swaps: 0
	File system inputs: 0
	File system outputs: 40
	Socket messages sent: 0
	Socket messages received: 0
	Signals delivered: 0
	Page size (bytes): 4096
	Exit status: 0
