File /home/cc/research/datasets/bigann/base.fvecs loaded
Rows 1000000 Cols 128
File /home/cc/research/datasets/bigann/query.fvecs loaded
Rows 100 Cols 128
File /home/cc/research/datasets/bigann/groundtruth.ivecs loaded
Rows 100 Cols 100
File /home/cc/index/ivf_index/bigann_centroids_4096.fvecs loaded
Rows 4096 Cols 128
File /home/cc/index/ivf_index/bigann_clusterids_4096.ivecs loaded
Rows 1000000 Cols 1
data loaded
	N: 1000000
	DIM: 128
FhtKacRotator is selected
Start IVF construction...
	Loading clustering information...
Allocating memory for IVF...
Indexing time 0.198997
0.515	5
0.6377	10
0.7229	20
0.7605	30
0.7787	40
0.7881	50
0.7948	60
0.8	70
0.8034	80
0.8058	90
0.8082	100
0.809	110
0.8107	120
0.8125	130
0.8133	140
0.8137	150
0.8143	160
0.8149	170
0.8155	180
nprobe	QPS	recall
5	6820.69	0.515
10	5967.94	0.6377
20	5058.42	0.7229
30	4452.74	0.7605
40	4004.1	0.7787
50	3656.14	0.7881
60	3368.93	0.7948
70	3133.47	0.8
80	2937.01	0.8034
90	2765.14	0.8058
100	2609.19	0.8082
110	2476.92	0.809
120	2354.06	0.8107
130	2246.82	0.8125
140	2154.82	0.8133
150	2062	0.8137
160	1980.35	0.8143
170	1910.32	0.8149
180	1838.34	0.8155
190	1777.26	0.8155
	Command being timed: "./bin/ivf_rabitq_indexing /home/cc/research/datasets/bigann/base.fvecs /home/cc/research/datasets/bigann/query.fvecs /home/cc/research/datasets/bigann/groundtruth.ivecs /home/cc/index/ivf_index/bigann_centroids_4096.fvecs /home/cc/index/ivf_index/bigann_clusterids_4096.ivecs 2"
	User time (seconds): 16.46
	System time (seconds): 0.39
	Percent of CPU this job got: 99%
	Elapsed (wall clock) time (h:mm:ss or m:ss): 0:16.85
	Average shared text size (kbytes): 0
	Average unshared data size (kbytes): 0
	Average stack size (kbytes): 0
	Average total size (kbytes): 0
	Maximum resident set size (kbytes): 574720
	Average resident set size (kbytes): 0
	Major (requiring I/O) page faults: 0
	Minor (reclaiming a frame) page faults: 143992
	Voluntary context switches: 1
	Involuntary context switches: 21
	Swaps: 0
	File system inputs: 0
	File system outputs: 24
	Socket messages sent: 0
	Socket messages received: 0
	Signals delivered: 0
	Page size (bytes): 4096
	Exit status: 0
