File /home/cc/research/datasets/audio/base.fvecs loaded
Rows 53387 Cols 192
File /home/cc/research/datasets/audio/query.fvecs loaded
Rows 200 Cols 192
File /home/cc/research/datasets/audio/groundtruth.ivecs loaded
Rows 200 Cols 20
File /home/cc/index/ivf_index/audio_centroids_4096.fvecs loaded
Rows 4096 Cols 192
File /home/cc/index/ivf_index/audio_clusterids_4096.ivecs loaded
Rows 53387 Cols 1
data loaded
	N: 53387
	DIM: 192
FhtKacRotator is selected
Start IVF construction...
	Loading clustering information...
Allocating memory for IVF...
Indexing time 0.0274241
0.612	5
0.77325	10
0.87925	20
0.91825	30
0.9365	40
0.94625	50
0.95325	60
0.9565	70
0.95825	80
0.95975	90
0.9605	100
0.96175	110
0.962	120
0.963	130
0.96425	140
0.96475	150
0.96525	160
0.9655	170
0.96575	180
0.966	190
nprobe	QPS	recall
5	7553.19	0.612
10	7322.57	0.77325
20	6971.78	0.87925
30	6683.28	0.91825
40	6437.1	0.9365
50	6206.2	0.94625
60	5992.02	0.95325
70	5797.89	0.9565
80	5625.01	0.95825
90	5456.7	0.95975
100	5294.14	0.9605
110	5158.11	0.96175
120	5014.55	0.962
130	4878.72	0.963
140	4763.92	0.96425
150	4649.84	0.96475
160	4547.31	0.96525
170	4446.58	0.9655
180	4348.71	0.96575
190	4256.52	0.966
200	4162.39	0.966
	Command being timed: "./bin/ivf_rabitq_indexing /home/cc/research/datasets/audio/base.fvecs /home/cc/research/datasets/audio/query.fvecs /home/cc/research/datasets/audio/groundtruth.ivecs /home/cc/index/ivf_index/audio_centroids_4096.fvecs /home/cc/index/ivf_index/audio_clusterids_4096.ivecs 4"
	User time (seconds): 6.39
	System time (seconds): 0.03
	Percent of CPU this job got: 99%
	Elapsed (wall clock) time (h:mm:ss or m:ss): 0:06.43
	Average shared text size (kbytes): 0
	Average unshared data size (kbytes): 0
	Average stack size (kbytes): 0
	Average total size (kbytes): 0
	Maximum resident set size (kbytes): 61440
	Average resident set size (kbytes): 0
	Major (requiring I/O) page faults: 0
	Minor (reclaiming a frame) page faults: 15028
	Voluntary context switches: 32
	Involuntary context switches: 9
	Swaps: 0
	File system inputs: 7016
	File system outputs: 8
	Socket messages sent: 0
	Socket messages received: 0
	Signals delivered: 0
	Page size (bytes): 4096
	Exit status: 0
