File /home/cc/research/datasets/landmark-nomic-768-normalized/base.fvecs loaded
Rows 760757 Cols 768
File /home/cc/research/datasets/landmark-nomic-768-normalized/query.fvecs loaded
Rows 100 Cols 768
File /home/cc/research/datasets/landmark-nomic-768-normalized/groundtruth.ivecs loaded
Rows 100 Cols 100
File /home/cc/index/ivf_index/landmark-nomic-768-normalized_centroids_4096.fvecs loaded
Rows 4096 Cols 768
File /home/cc/index/ivf_index/landmark-nomic-768-normalized_clusterids_4096.ivecs loaded
Rows 760757 Cols 1
data loaded
	N: 760757
	DIM: 768
FhtKacRotator is selected
Start IVF construction...
	Loading clustering information...
Allocating memory for IVF...
Indexing time 0.970035
0.7468	5
0.8591	10
0.911	20
0.9258	30
0.9329	40
0.9362	50
0.9384	60
0.9396	70
0.94	80
0.9402	90
0.9405	100
0.9406	110
0.9408	120
0.9409	130
0.9412	140
0.9414	150
0.9416	160
0.9418	170
0.942	180
nprobe	QPS	recall
5	1170.4	0.7468
10	1114.33	0.8591
20	1047.97	0.911
30	999.11	0.9258
40	949.048	0.9329
50	855.319	0.9362
60	831.129	0.9384
70	799.487	0.9396
80	772.429	0.94
90	745.689	0.9402
100	726.278	0.9405
110	700.008	0.9406
120	682.673	0.9408
130	663.412	0.9409
140	644.712	0.9412
150	626.676	0.9414
160	604.87	0.9416
170	582.008	0.9418
180	565.098	0.942
190	553.36	0.942
	Command being timed: "./bin/ivf_rabitq_indexing /home/cc/research/datasets/landmark-nomic-768-normalized/base.fvecs /home/cc/research/datasets/landmark-nomic-768-normalized/query.fvecs /home/cc/research/datasets/landmark-nomic-768-normalized/groundtruth.ivecs /home/cc/index/ivf_index/landmark-nomic-768-normalized_centroids_4096.fvecs /home/cc/index/ivf_index/landmark-nomic-768-normalized_clusterids_4096.ivecs 2"
	User time (seconds): 74.38
	System time (seconds): 1.64
	Percent of CPU this job got: 99%
	Elapsed (wall clock) time (h:mm:ss or m:ss): 1:16.03
	Average shared text size (kbytes): 0
	Average unshared data size (kbytes): 0
	Average stack size (kbytes): 0
	Average total size (kbytes): 0
	Maximum resident set size (kbytes): 2498876
	Average resident set size (kbytes): 0
	Major (requiring I/O) page faults: 0
	Minor (reclaiming a frame) page faults: 627925
	Voluntary context switches: 2
	Involuntary context switches: 119
	Swaps: 0
	File system inputs: 0
	File system outputs: 24
	Socket messages sent: 0
	Socket messages received: 0
	Signals delivered: 0
	Page size (bytes): 4096
	Exit status: 0
