File /home/cc/research/datasets/deep/base.fvecs loaded
Rows 1000000 Cols 256
File /home/cc/research/datasets/deep/query.fvecs loaded
Rows 200 Cols 256
File /home/cc/research/datasets/deep/groundtruth.ivecs loaded
Rows 200 Cols 20
File /home/cc/index/ivf_index/deep_centroids_4096.fvecs loaded
Rows 4096 Cols 256
File /home/cc/index/ivf_index/deep_clusterids_4096.ivecs loaded
Rows 1000000 Cols 1
data loaded
	N: 1000000
	DIM: 256
FhtKacRotator is selected
Start IVF construction...
	Loading clustering information...
Allocating memory for IVF...
Indexing time 0.411388
0.52875	5
0.6375	10
0.7185	20
0.747	30
0.76575	40
0.77625	50
0.786	60
0.7895	70
0.79325	80
0.79775	90
0.80125	100
0.80275	110
0.803	120
0.804	130
0.80525	140
0.80575	150
0.80625	160
0.80725	170
0.80775	180
0.80875	190
0.809	200
0.81025	240
nprobe	QPS	recall
5	4475.39	0.52875
10	4144.99	0.6375
20	3709.71	0.7185
30	3379.58	0.747
40	3116.52	0.76575
50	2898.44	0.77625
60	2712.12	0.786
70	2551.06	0.7895
80	2410.94	0.79325
90	2259.55	0.79775
100	2174.16	0.80125
110	2075.96	0.80275
120	1987.16	0.803
130	1903.5	0.804
140	1831.87	0.80525
150	1746.87	0.80575
160	1697.02	0.80625
170	1638.17	0.80725
180	1583.31	0.80775
190	1530.87	0.80875
200	1471.75	0.809
240	1318	0.81025
280	1191.43	0.81
	Command being timed: "./bin/ivf_rabitq_indexing /home/cc/research/datasets/deep/base.fvecs /home/cc/research/datasets/deep/query.fvecs /home/cc/research/datasets/deep/groundtruth.ivecs /home/cc/index/ivf_index/deep_centroids_4096.fvecs /home/cc/index/ivf_index/deep_clusterids_4096.ivecs 2"
	User time (seconds): 38.15
	System time (seconds): 0.75
	Percent of CPU this job got: 99%
	Elapsed (wall clock) time (h:mm:ss or m:ss): 0:38.90
	Average shared text size (kbytes): 0
	Average unshared data size (kbytes): 0
	Average stack size (kbytes): 0
	Average total size (kbytes): 0
	Maximum resident set size (kbytes): 1114880
	Average resident set size (kbytes): 0
	Major (requiring I/O) page faults: 0
	Minor (reclaiming a frame) page faults: 279111
	Voluntary context switches: 1
	Involuntary context switches: 69
	Swaps: 0
	File system inputs: 0
	File system outputs: 32
	Socket messages sent: 0
	Socket messages received: 0
	Signals delivered: 0
	Page size (bytes): 4096
	Exit status: 0
