File /home/cc/research/datasets/stead/base.fvecs loaded
Rows 1000000 Cols 256
File /home/cc/research/datasets/stead/query.fvecs loaded
Rows 100 Cols 256
File /home/cc/research/datasets/stead/groundtruth.ivecs loaded
Rows 100 Cols 100
File /home/cc/index/ivf_index/stead_centroids_4096.fvecs loaded
Rows 4096 Cols 256
File /home/cc/index/ivf_index/stead_clusterids_4096.ivecs loaded
Rows 1000000 Cols 1
data loaded
	N: 1000000
	DIM: 256
FhtKacRotator is selected
Start IVF construction...
	Loading clustering information...
Allocating memory for IVF...
Indexing time 0.0234925
0.4234	5
0.4628	10
0.4966	20
0.5099	30
0.5173	40
0.5223	50
0.5243	60
0.5271	70
0.5286	80
0.5296	90
0.5315	100
0.5324	110
0.5331	120
0.5339	130
0.5349	140
0.5357	150
0.5361	160
0.5365	170
0.5375	180
0.538	190
0.5384	200
0.5389	240
0.5397	280
0.5398	320
0.5399	360
nprobe	QPS	recall
5	3548.88	0.4234
10	2567.55	0.4628
20	1592.01	0.4966
30	1138.23	0.5099
40	899.321	0.5173
50	754.681	0.5223
60	650.46	0.5243
70	577.276	0.5271
80	525.165	0.5286
90	487.004	0.5296
100	450.893	0.5315
110	425.545	0.5324
120	399.905	0.5331
130	380.996	0.5339
140	365.986	0.5349
150	351.944	0.5357
160	338.436	0.5361
170	331.054	0.5365
180	326.106	0.5375
190	319.057	0.538
200	310.637	0.5384
240	282.885	0.5389
280	263.026	0.5397
320	247.928	0.5398
360	235.44	0.5399
400	224.17	0.5399
	Command being timed: "./bin/ivf_rabitq_indexing /home/cc/research/datasets/stead/base.fvecs /home/cc/research/datasets/stead/query.fvecs /home/cc/research/datasets/stead/groundtruth.ivecs /home/cc/index/ivf_index/stead_centroids_4096.fvecs /home/cc/index/ivf_index/stead_clusterids_4096.ivecs 1"
	User time (seconds): 39.65
	System time (seconds): 0.75
	Percent of CPU this job got: 99%
	Elapsed (wall clock) time (h:mm:ss or m:ss): 0:40.41
	Average shared text size (kbytes): 0
	Average unshared data size (kbytes): 0
	Average stack size (kbytes): 0
	Average total size (kbytes): 0
	Maximum resident set size (kbytes): 1099424
	Average resident set size (kbytes): 0
	Major (requiring I/O) page faults: 0
	Minor (reclaiming a frame) page faults: 284950
	Voluntary context switches: 3
	Involuntary context switches: 47
	Swaps: 0
	File system inputs: 0
	File system outputs: 32
	Socket messages sent: 0
	Socket messages received: 0
	Signals delivered: 0
	Page size (bytes): 4096
	Exit status: 0
