File /home/cc/research/datasets/lendb/base.fvecs loaded
Rows 1000000 Cols 256
File /home/cc/research/datasets/lendb/query.fvecs loaded
Rows 100 Cols 256
File /home/cc/research/datasets/lendb/groundtruth.ivecs loaded
Rows 100 Cols 100
File /home/cc/index/ivf_index/lendb_centroids_4096.fvecs loaded
Rows 4096 Cols 256
File /home/cc/index/ivf_index/lendb_clusterids_4096.ivecs loaded
Rows 1000000 Cols 1
data loaded
	N: 1000000
	DIM: 256
FhtKacRotator is selected
Start IVF construction...
	Loading clustering information...
Allocating memory for IVF...
Indexing time 0.418355
0.7466	5
0.8676	10
0.9042	20
0.9105	30
0.9116	40
0.9125	50
0.9128	60
0.9131	70
0.9133	80
0.9138	90
nprobe	QPS	recall
5	3429.25	0.7466
10	2861.51	0.8676
20	2225.21	0.9042
30	1852.38	0.9105
40	1576.98	0.9116
50	1402.3	0.9125
60	1265.9	0.9128
70	1137.73	0.9131
80	1036.3	0.9133
90	955.599	0.9138
100	881.026	0.9138
	Command being timed: "./bin/ivf_rabitq_indexing /home/cc/research/datasets/lendb/base.fvecs /home/cc/research/datasets/lendb/query.fvecs /home/cc/research/datasets/lendb/groundtruth.ivecs /home/cc/index/ivf_index/lendb_centroids_4096.fvecs /home/cc/index/ivf_index/lendb_clusterids_4096.ivecs 2"
	User time (seconds): 29.82
	System time (seconds): 0.76
	Percent of CPU this job got: 99%
	Elapsed (wall clock) time (h:mm:ss or m:ss): 0:30.58
	Average shared text size (kbytes): 0
	Average unshared data size (kbytes): 0
	Average stack size (kbytes): 0
	Average total size (kbytes): 0
	Maximum resident set size (kbytes): 1116148
	Average resident set size (kbytes): 0
	Major (requiring I/O) page faults: 0
	Minor (reclaiming a frame) page faults: 284172
	Voluntary context switches: 1
	Involuntary context switches: 40
	Swaps: 0
	File system inputs: 0
	File system outputs: 24
	Socket messages sent: 0
	Socket messages received: 0
	Signals delivered: 0
	Page size (bytes): 4096
	Exit status: 0
