File /home/cc/research/datasets/MNIST/base.fvecs loaded
Rows 69000 Cols 784
File /home/cc/research/datasets/MNIST/query.fvecs loaded
Rows 200 Cols 784
File /home/cc/research/datasets/MNIST/groundtruth.ivecs loaded
Rows 200 Cols 20
File /home/cc/index/ivf_index/MNIST_centroids_4096.fvecs loaded
Rows 4096 Cols 784
File /home/cc/index/ivf_index/MNIST_clusterids_4096.ivecs loaded
Rows 69000 Cols 1
data loaded
	N: 69000
	DIM: 784
FhtKacRotator is selected
Start IVF construction...
	Loading clustering information...
Allocating memory for IVF...
Indexing time 0.103607
0.6695	5
0.83025	10
0.9155	20
0.933	30
0.94125	40
0.9445	50
0.9465	60
0.94775	70
0.94925	80
0.95	90
0.9505	100
0.951	110
0.95125	120
nprobe	QPS	recall
5	1399.5	0.6695
10	1405.08	0.83025
20	1383.49	0.9155
30	1356.11	0.933
40	1319.42	0.94125
50	1297.16	0.9445
60	1282.75	0.9465
70	1274.67	0.94775
80	1233.99	0.94925
90	1194.92	0.95
100	1179.39	0.9505
110	1160.02	0.951
120	1157.89	0.95125
130	1163.96	0.95125
	Command being timed: "./bin/ivf_rabitq_indexing /home/cc/research/datasets/MNIST/base.fvecs /home/cc/research/datasets/MNIST/query.fvecs /home/cc/research/datasets/MNIST/groundtruth.ivecs /home/cc/index/ivf_index/MNIST_centroids_4096.fvecs /home/cc/index/ivf_index/MNIST_clusterids_4096.ivecs 2"
	User time (seconds): 20.10
	System time (seconds): 0.18
	Percent of CPU this job got: 99%
	Elapsed (wall clock) time (h:mm:ss or m:ss): 0:20.29
	Average shared text size (kbytes): 0
	Average unshared data size (kbytes): 0
	Average stack size (kbytes): 0
	Average total size (kbytes): 0
	Maximum resident set size (kbytes): 277760
	Average resident set size (kbytes): 0
	Major (requiring I/O) page faults: 0
	Minor (reclaiming a frame) page faults: 69084
	Voluntary context switches: 1
	Involuntary context switches: 25
	Swaps: 0
	File system inputs: 0
	File system outputs: 24
	Socket messages sent: 0
	Socket messages received: 0
	Signals delivered: 0
	Page size (bytes): 4096
	Exit status: 0
