File /home/cc/research/datasets/imagenet-align-640-normalized/base.fvecs loaded
Rows 1000000 Cols 640
File /home/cc/research/datasets/imagenet-align-640-normalized/query.fvecs loaded
Rows 100 Cols 640
File /home/cc/research/datasets/imagenet-align-640-normalized/groundtruth.ivecs loaded
Rows 100 Cols 100
File /home/cc/index/ivf_index/imagenet-align-640-normalized_centroids_4096.fvecs loaded
Rows 4096 Cols 640
File /home/cc/index/ivf_index/imagenet-align-640-normalized_clusterids_4096.ivecs loaded
Rows 1000000 Cols 1
data loaded
	N: 1000000
	DIM: 640
FhtKacRotator is selected
Start IVF construction...
	Loading clustering information...
Allocating memory for IVF...
Indexing time 1.86072
0.0025	5
0.0238	10
0.0746	20
0.1267	30
0.1565	40
0.1987	50
0.2415	60
0.2717	70
0.2963	80
0.333	90
0.3591	100
0.4113	110
0.4398	120
0.454	130
0.4715	140
0.4829	150
0.4949	160
0.5085	170
0.5326	180
0.5367	190
0.5439	200
0.5904	240
0.6285	280
0.6705	320
0.6972	360
0.7256	400
0.7678	500
0.7901	600
0.8171	700
0.8373	800
0.8481	900
0.8607	1000
0.8668	1100
0.8709	1200
0.8735	1300
0.8761	1400
0.8801	1500
0.8941	2000
0.8977	2500
0.899	3000
0.8992	3500
nprobe	QPS	recall
5	1825.03	0.0025
10	1651.82	0.0238
20	1383.45	0.0746
30	1264.48	0.1267
40	1139.07	0.1565
50	1075.42	0.1987
60	1006.27	0.2415
70	943.077	0.2717
80	907.415	0.2963
90	870.454	0.333
100	821.525	0.3591
110	802.855	0.4113
120	774.302	0.4398
130	738.049	0.454
140	727.919	0.4715
150	705.954	0.4829
160	684.509	0.4949
170	669.002	0.5085
180	650.247	0.5326
190	634.086	0.5367
200	621.579	0.5439
240	563.667	0.5904
280	515.486	0.6285
320	472.138	0.6705
360	440.034	0.6972
400	399.614	0.7256
500	349.528	0.7678
600	307.778	0.7901
700	275.859	0.8171
800	250.037	0.8373
900	228.936	0.8481
1000	210.556	0.8607
1100	193.559	0.8668
1200	181.636	0.8709
1300	171.64	0.8735
1400	161.826	0.8761
1500	152.705	0.8801
2000	117.953	0.8941
2500	96.7775	0.8977
3000	82.1131	0.899
3500	70.2589	0.8992
4000	61.3021	0.8992
	Command being timed: "./bin/ivf_rabitq_indexing /home/cc/research/datasets/imagenet-align-640-normalized/base.fvecs /home/cc/research/datasets/imagenet-align-640-normalized/query.fvecs /home/cc/research/datasets/imagenet-align-640-normalized/groundtruth.ivecs /home/cc/index/ivf_index/imagenet-align-640-normalized_centroids_4096.fvecs /home/cc/index/ivf_index/imagenet-align-640-normalized_clusterids_4096.ivecs 4"
	User time (seconds): 201.14
	System time (seconds): 2.10
	Percent of CPU this job got: 99%
	Elapsed (wall clock) time (h:mm:ss or m:ss): 3:23.24
	Average shared text size (kbytes): 0
	Average unshared data size (kbytes): 0
	Average stack size (kbytes): 0
	Average total size (kbytes): 0
	Maximum resident set size (kbytes): 2887436
	Average resident set size (kbytes): 0
	Major (requiring I/O) page faults: 0
	Minor (reclaiming a frame) page faults: 724650
	Voluntary context switches: 1
	Involuntary context switches: 199
	Swaps: 0
	File system inputs: 0
	File system outputs: 40
	Socket messages sent: 0
	Socket messages received: 0
	Signals delivered: 0
	Page size (bytes): 4096
	Exit status: 0
