File /home/cc/research/datasets/notre/base.fvecs loaded
Rows 332668 Cols 128
File /home/cc/research/datasets/notre/query.fvecs loaded
Rows 200 Cols 128
File /home/cc/research/datasets/notre/groundtruth.ivecs loaded
Rows 200 Cols 20
File /home/cc/index/ivf_index/notre_centroids_4096.fvecs loaded
Rows 4096 Cols 128
File /home/cc/index/ivf_index/notre_clusterids_4096.ivecs loaded
Rows 332668 Cols 1
data loaded
	N: 332668
	DIM: 128
FhtKacRotator is selected
Start IVF construction...
	Loading clustering information...
Allocating memory for IVF...
Indexing time 0.00487385
0.65225	5
0.705	10
0.7285	20
0.73625	30
0.74075	40
0.743	50
nprobe	QPS	recall
5	9220	0.65225
10	8598.58	0.705
20	7605.14	0.7285
30	6796.47	0.73625
40	6216.54	0.74075
50	5723.8	0.743
60	5345.92	0.7425
	Command being timed: "./bin/ivf_rabitq_indexing /home/cc/research/datasets/notre/base.fvecs /home/cc/research/datasets/notre/query.fvecs /home/cc/research/datasets/notre/groundtruth.ivecs /home/cc/index/ivf_index/notre_centroids_4096.fvecs /home/cc/index/ivf_index/notre_clusterids_4096.ivecs 1"
	User time (seconds): 1.54
	System time (seconds): 0.13
	Percent of CPU this job got: 100%
	Elapsed (wall clock) time (h:mm:ss or m:ss): 0:01.68
	Average shared text size (kbytes): 0
	Average unshared data size (kbytes): 0
	Average stack size (kbytes): 0
	Average total size (kbytes): 0
	Maximum resident set size (kbytes): 190720
	Average resident set size (kbytes): 0
	Major (requiring I/O) page faults: 0
	Minor (reclaiming a frame) page faults: 47364
	Voluntary context switches: 1
	Involuntary context switches: 6
	Swaps: 0
	File system inputs: 0
	File system outputs: 8
	Socket messages sent: 0
	Socket messages received: 0
	Signals delivered: 0
	Page size (bytes): 4096
	Exit status: 0
