File /home/cc/research/datasets/sun/base.fvecs loaded
Rows 79106 Cols 512
File /home/cc/research/datasets/sun/query.fvecs loaded
Rows 200 Cols 512
File /home/cc/research/datasets/sun/groundtruth.ivecs loaded
Rows 200 Cols 20
File /home/cc/index/ivf_index/sun_centroids_4096.fvecs loaded
Rows 4096 Cols 512
File /home/cc/index/ivf_index/sun_clusterids_4096.ivecs loaded
Rows 79106 Cols 1
data loaded
	N: 79106
	DIM: 512
FhtKacRotator is selected
Start IVF construction...
	Loading clustering information...
Allocating memory for IVF...
Indexing time 0.00358458
0.37375	5
0.5155	10
0.6345	20
0.67925	30
0.711	40
0.72325	50
0.73475	60
0.742	70
0.74825	80
0.7525	90
0.75725	100
0.75975	110
nprobe	QPS	recall
5	2479.93	0.37375
10	2430.2	0.5155
20	2315.92	0.6345
30	2245.17	0.67925
40	2134.75	0.711
50	2065.37	0.72325
60	2012.2	0.73475
70	1956.67	0.742
80	1906.1	0.74825
90	1838.32	0.7525
100	1778.5	0.75725
110	1726.06	0.75975
120	1683.07	0.759
	Command being timed: "./bin/ivf_rabitq_indexing /home/cc/research/datasets/sun/base.fvecs /home/cc/research/datasets/sun/query.fvecs /home/cc/research/datasets/sun/groundtruth.ivecs /home/cc/index/ivf_index/sun_centroids_4096.fvecs /home/cc/index/ivf_index/sun_clusterids_4096.ivecs 1"
	User time (seconds): 7.92
	System time (seconds): 0.13
	Percent of CPU this job got: 99%
	Elapsed (wall clock) time (h:mm:ss or m:ss): 0:08.06
	Average shared text size (kbytes): 0
	Average unshared data size (kbytes): 0
	Average stack size (kbytes): 0
	Average total size (kbytes): 0
	Maximum resident set size (kbytes): 199680
	Average resident set size (kbytes): 0
	Major (requiring I/O) page faults: 0
	Minor (reclaiming a frame) page faults: 49462
	Voluntary context switches: 1
	Involuntary context switches: 9
	Swaps: 0
	File system inputs: 0
	File system outputs: 16
	Socket messages sent: 0
	Socket messages received: 0
	Signals delivered: 0
	Page size (bytes): 4096
	Exit status: 0
