File /home/cc/research/datasets/geofon/base.fvecs loaded
Rows 275174 Cols 128
File /home/cc/research/datasets/geofon/query.fvecs loaded
Rows 100 Cols 128
File /home/cc/research/datasets/geofon/groundtruth.ivecs loaded
Rows 100 Cols 100
File /home/cc/index/ivf_index/geofon_centroids_4096.fvecs loaded
Rows 4096 Cols 128
File /home/cc/index/ivf_index/geofon_clusterids_4096.ivecs loaded
Rows 275174 Cols 1
data loaded
	N: 275174
	DIM: 128
FhtKacRotator is selected
Start IVF construction...
	Loading clustering information...
Allocating memory for IVF...
Indexing time 0.0467885
0.7119	5
0.8569	10
0.9109	20
0.9204	30
0.9251	40
0.9269	50
0.9281	60
0.9287	70
0.9291	80
nprobe	QPS	recall
5	7962.15	0.7119
10	7266.57	0.8569
20	6456.28	0.9109
30	5946.78	0.9204
40	5508.73	0.9251
50	5153.6	0.9269
60	4823.3	0.9281
70	4565.92	0.9287
80	4288.38	0.9291
90	4129.2	0.9291
	Command being timed: "./bin/ivf_rabitq_indexing /home/cc/research/datasets/geofon/base.fvecs /home/cc/research/datasets/geofon/query.fvecs /home/cc/research/datasets/geofon/groundtruth.ivecs /home/cc/index/ivf_index/geofon_centroids_4096.fvecs /home/cc/index/ivf_index/geofon_clusterids_4096.ivecs 2"
	User time (seconds): 3.96
	System time (seconds): 0.12
	Percent of CPU this job got: 100%
	Elapsed (wall clock) time (h:mm:ss or m:ss): 0:04.08
	Average shared text size (kbytes): 0
	Average unshared data size (kbytes): 0
	Average stack size (kbytes): 0
	Average total size (kbytes): 0
	Maximum resident set size (kbytes): 166400
	Average resident set size (kbytes): 0
	Major (requiring I/O) page faults: 0
	Minor (reclaiming a frame) page faults: 41454
	Voluntary context switches: 1
	Involuntary context switches: 5
	Swaps: 0
	File system inputs: 0
	File system outputs: 16
	Socket messages sent: 0
	Socket messages received: 0
	Signals delivered: 0
	Page size (bytes): 4096
	Exit status: 0
