File /home/cc/research/datasets/word2vec/base.fvecs loaded
Rows 1000000 Cols 300
File /home/cc/research/datasets/word2vec/query.fvecs loaded
Rows 1000 Cols 300
File /home/cc/research/datasets/word2vec/groundtruth.ivecs loaded
Rows 1000 Cols 100
File /home/cc/index/ivf_index/word2vec_centroids_4096.fvecs loaded
Rows 4096 Cols 300
File /home/cc/index/ivf_index/word2vec_clusterids_4096.ivecs loaded
Rows 1000000 Cols 1
data loaded
	N: 1000000
	DIM: 300
FhtKacRotator is selected
Start IVF construction...
	Loading clustering information...
Allocating memory for IVF...
Indexing time 0.863413
0.51463	5
0.68859	10
0.83258	20
0.88412	30
0.90803	40
0.91948	50
0.92577	60
0.92958	70
0.93258	80
0.93458	90
0.9359	100
0.9368	110
0.93754	120
0.93833	130
0.93896	140
0.93931	150
0.9397	160
0.93998	170
0.94011	180
0.94026	190
0.94041	200
0.94081	240
0.94119	280
0.94133	320
0.9414	360
0.94146	400
0.94158	500
0.94162	600
0.94163	700
nprobe	QPS	recall
5	2612.57	0.51463
10	2194.86	0.68859
20	1738.54	0.83258
30	1477.07	0.88412
40	1297.91	0.90803
50	1151.87	0.91948
60	1037.66	0.92577
70	949.683	0.92958
80	875.112	0.93258
90	813.905	0.93458
100	762.858	0.9359
110	717.194	0.9368
120	678.805	0.93754
130	641.475	0.93833
140	610.505	0.93896
150	578.199	0.93931
160	552.394	0.9397
170	524.916	0.93998
180	503.745	0.94011
190	483.674	0.94026
200	466.452	0.94041
240	410.499	0.94081
280	369.484	0.94119
320	336.42	0.94133
360	311.428	0.9414
400	288.607	0.94146
500	247.845	0.94158
600	219.706	0.94162
700	197.982	0.94163
800	182.879	0.94163
	Command being timed: "./bin/ivf_rabitq_indexing /home/cc/research/datasets/word2vec/base.fvecs /home/cc/research/datasets/word2vec/query.fvecs /home/cc/research/datasets/word2vec/groundtruth.ivecs /home/cc/index/ivf_index/word2vec_centroids_4096.fvecs /home/cc/index/ivf_index/word2vec_clusterids_4096.ivecs 4"
	User time (seconds): 429.67
	System time (seconds): 1.27
	Percent of CPU this job got: 99%
	Elapsed (wall clock) time (h:mm:ss or m:ss): 7:10.94
	Average shared text size (kbytes): 0
	Average unshared data size (kbytes): 0
	Average stack size (kbytes): 0
	Average total size (kbytes): 0
	Maximum resident set size (kbytes): 1388460
	Average resident set size (kbytes): 0
	Major (requiring I/O) page faults: 0
	Minor (reclaiming a frame) page faults: 353127
	Voluntary context switches: 1
	Involuntary context switches: 203
	Swaps: 0
	File system inputs: 0
	File system outputs: 96
	Socket messages sent: 0
	Socket messages received: 0
	Signals delivered: 0
	Page size (bytes): 4096
	Exit status: 0
