File /home/cc/research/datasets/laion-clip-512-normalized/base.fvecs loaded
Rows 1000000 Cols 512
File /home/cc/research/datasets/laion-clip-512-normalized/query.fvecs loaded
Rows 100 Cols 512
File /home/cc/research/datasets/laion-clip-512-normalized/groundtruth.ivecs loaded
Rows 100 Cols 100
File /home/cc/index/ivf_index/laion-clip-512-normalized_centroids_4096.fvecs loaded
Rows 4096 Cols 512
File /home/cc/index/ivf_index/laion-clip-512-normalized_clusterids_4096.ivecs loaded
Rows 1000000 Cols 1
data loaded
	N: 1000000
	DIM: 512
FhtKacRotator is selected
Start IVF construction...
	Loading clustering information...
Allocating memory for IVF...
Indexing time 0.891232
0.0136	5
0.0282	10
0.047	20
0.0619	30
0.0801	40
0.099	50
0.1095	60
0.1394	70
0.1513	80
0.167	90
0.1794	100
0.1867	110
0.2053	120
0.2178	130
0.2299	140
0.2331	150
0.2438	160
0.2516	170
0.2633	180
0.2845	190
0.2984	200
0.3532	240
0.3847	280
0.4183	320
0.4432	360
0.4759	400
0.5182	500
0.5488	600
0.578	700
0.5989	800
0.6194	900
0.6301	1000
0.6377	1100
0.6456	1200
0.6498	1300
0.6554	1400
0.6601	1500
0.6715	2000
0.6771	2500
0.6794	3000
0.6796	3500
nprobe	QPS	recall
5	2440.39	0.0136
10	2270.23	0.0282
20	2013.1	0.047
30	1834.76	0.0619
40	1693.6	0.0801
50	1571.58	0.099
60	1471.5	0.1095
70	1377.96	0.1394
80	1277.3	0.1513
90	1210.73	0.167
100	1166.58	0.1794
110	1116.04	0.1867
120	1043.27	0.2053
130	1010.39	0.2178
140	968.543	0.2299
150	930.861	0.2331
160	895.31	0.2438
170	863.768	0.2516
180	834.812	0.2633
190	795.808	0.2845
200	780.455	0.2984
240	687.015	0.3532
280	618.357	0.3847
320	566.957	0.4183
360	522.177	0.4432
400	477.343	0.4759
500	406.091	0.5182
600	350.684	0.5488
700	307.095	0.578
800	276.555	0.5989
900	252.069	0.6194
1000	230.077	0.6301
1100	214.744	0.6377
1200	200.349	0.6456
1300	184.805	0.6498
1400	173.909	0.6554
1500	164.783	0.6601
2000	127.261	0.6715
2500	103.85	0.6771
3000	87.9698	0.6794
3500	76.0167	0.6796
4000	66.1907	0.6795
	Command being timed: "./bin/ivf_rabitq_indexing /home/cc/research/datasets/laion-clip-512-normalized/base.fvecs /home/cc/research/datasets/laion-clip-512-normalized/query.fvecs /home/cc/research/datasets/laion-clip-512-normalized/groundtruth.ivecs /home/cc/index/ivf_index/laion-clip-512-normalized_centroids_4096.fvecs /home/cc/index/ivf_index/laion-clip-512-normalized_clusterids_4096.ivecs 2"
	User time (seconds): 133.68
	System time (seconds): 1.83
	Percent of CPU this job got: 99%
	Elapsed (wall clock) time (h:mm:ss or m:ss): 2:15.52
	Average shared text size (kbytes): 0
	Average unshared data size (kbytes): 0
	Average stack size (kbytes): 0
	Average total size (kbytes): 0
	Maximum resident set size (kbytes): 2192640
	Average resident set size (kbytes): 0
	Major (requiring I/O) page faults: 0
	Minor (reclaiming a frame) page faults: 549206
	Voluntary context switches: 1
	Involuntary context switches: 242
	Swaps: 0
	File system inputs: 0
	File system outputs: 40
	Socket messages sent: 0
	Socket messages received: 0
	Signals delivered: 0
	Page size (bytes): 4096
	Exit status: 0
