File /home/cc/research/datasets/yi-128-ip/base.fvecs loaded
Rows 187843 Cols 128
File /home/cc/research/datasets/yi-128-ip/query.fvecs loaded
Rows 100 Cols 128
File /home/cc/research/datasets/yi-128-ip/groundtruth.ivecs loaded
Rows 100 Cols 100
File /home/cc/index/ivf_index/yi-128-ip_centroids_4096.fvecs loaded
Rows 4096 Cols 128
File /home/cc/index/ivf_index/yi-128-ip_clusterids_4096.ivecs loaded
Rows 187843 Cols 1
data loaded
	N: 187843
	DIM: 128
FhtKacRotator is selected
Start IVF construction...
	Loading clustering information...
Allocating memory for IVF...
Indexing time 0.0573389
0.4576	5
0.6637	10
0.8304	20
0.8696	30
0.8875	40
0.8992	50
0.9057	60
0.91	70
0.9124	80
0.916	90
0.9181	100
0.9195	110
0.9212	120
0.9218	130
0.9233	140
0.9246	150
0.9253	160
0.926	170
0.9264	180
0.9267	190
0.9268	200
0.928	240
0.9287	280
0.9295	320
0.9297	360
0.9298	400
0.9303	500
nprobe	QPS	recall
5	9184.9	0.4576
10	8355.68	0.6637
20	7563.39	0.8304
30	6950.32	0.8696
40	6448.19	0.8875
50	6266.8	0.8992
60	5951.85	0.9057
70	5680.94	0.91
80	5371.52	0.9124
90	5235.85	0.916
100	4915.21	0.9181
110	4799.13	0.9195
120	4567.85	0.9212
130	4356.15	0.9218
140	4305.7	0.9233
150	4245.66	0.9246
160	4110.08	0.9253
170	4010.82	0.926
180	3959.18	0.9264
190	3831.83	0.9267
200	3768.89	0.9268
240	3405.07	0.928
280	3110.63	0.9287
320	2744.15	0.9295
360	2683.72	0.9297
400	2616.24	0.9298
500	2355.87	0.9303
600	2129.86	0.9303
	Command being timed: "./bin/ivf_rabitq_indexing /home/cc/research/datasets/yi-128-ip/base.fvecs /home/cc/research/datasets/yi-128-ip/query.fvecs /home/cc/research/datasets/yi-128-ip/groundtruth.ivecs /home/cc/index/ivf_index/yi-128-ip_centroids_4096.fvecs /home/cc/index/ivf_index/yi-128-ip_clusterids_4096.ivecs 4"
	User time (seconds): 7.59
	System time (seconds): 0.06
	Percent of CPU this job got: 100%
	Elapsed (wall clock) time (h:mm:ss or m:ss): 0:07.65
	Average shared text size (kbytes): 0
	Average unshared data size (kbytes): 0
	Average stack size (kbytes): 0
	Average total size (kbytes): 0
	Maximum resident set size (kbytes): 122880
	Average resident set size (kbytes): 0
	Major (requiring I/O) page faults: 0
	Minor (reclaiming a frame) page faults: 30275
	Voluntary context switches: 1
	Involuntary context switches: 10
	Swaps: 0
	File system inputs: 0
	File system outputs: 8
	Socket messages sent: 0
	Socket messages received: 0
	Signals delivered: 0
	Page size (bytes): 4096
	Exit status: 0
