File /home/cc/research/datasets/text-to-image/base.fvecs loaded
Rows 1000000 Cols 200
File /home/cc/research/datasets/text-to-image/query.fvecs loaded
Rows 100 Cols 200
File /home/cc/research/datasets/text-to-image/groundtruth.ivecs loaded
Rows 100 Cols 100
File /home/cc/index/ivf_index/text-to-image_centroids_4096.fvecs loaded
Rows 4096 Cols 200
File /home/cc/index/ivf_index/text-to-image_clusterids_4096.ivecs loaded
Rows 1000000 Cols 1
data loaded
	N: 1000000
	DIM: 200
FhtKacRotator is selected
Start IVF construction...
	Loading clustering information...
Allocating memory for IVF...
Indexing time 0.0196223
0.7115	5
0.7721	10
0.7952	20
0.8034	30
0.8064	40
0.8079	50
0.8091	60
0.8092	70
0.8101	80
0.8102	90
0.8106	100
0.8107	110
0.8111	120
0.8115	130
0.8116	140
nprobe	QPS	recall
5	4642.78	0.7115
10	4331.26	0.7721
20	3888.51	0.7952
30	3529.65	0.8034
40	3168.9	0.8064
50	3010.56	0.8079
60	2809.75	0.8091
70	2635.13	0.8092
80	2485.89	0.8101
90	2349.17	0.8102
100	2228.52	0.8106
110	2125.17	0.8107
120	2025.22	0.8111
130	1929.81	0.8115
140	1849.94	0.8116
150	1750.7	0.8116
	Command being timed: "./bin/ivf_rabitq_indexing /home/cc/research/datasets/text-to-image/base.fvecs /home/cc/research/datasets/text-to-image/query.fvecs /home/cc/research/datasets/text-to-image/groundtruth.ivecs /home/cc/index/ivf_index/text-to-image_centroids_4096.fvecs /home/cc/index/ivf_index/text-to-image_clusterids_4096.ivecs 1"
	User time (seconds): 5.06
	System time (seconds): 0.53
	Percent of CPU this job got: 99%
	Elapsed (wall clock) time (h:mm:ss or m:ss): 0:05.59
	Average shared text size (kbytes): 0
	Average unshared data size (kbytes): 0
	Average stack size (kbytes): 0
	Average total size (kbytes): 0
	Maximum resident set size (kbytes): 856320
	Average resident set size (kbytes): 0
	Major (requiring I/O) page faults: 0
	Minor (reclaiming a frame) page faults: 214915
	Voluntary context switches: 1
	Involuntary context switches: 3
	Swaps: 0
	File system inputs: 0
	File system outputs: 16
	Socket messages sent: 0
	Socket messages received: 0
	Signals delivered: 0
	Page size (bytes): 4096
	Exit status: 0
