File /home/cc/research/datasets/arxiv-nomic-768-normalized/base.fvecs loaded
Rows 1000000 Cols 768
File /home/cc/research/datasets/arxiv-nomic-768-normalized/query.fvecs loaded
Rows 100 Cols 768
File /home/cc/research/datasets/arxiv-nomic-768-normalized/groundtruth.ivecs loaded
Rows 100 Cols 100
File /home/cc/index/ivf_index/arxiv-nomic-768-normalized_centroids_4096.fvecs loaded
Rows 4096 Cols 768
File /home/cc/index/ivf_index/arxiv-nomic-768-normalized_clusterids_4096.ivecs loaded
Rows 1000000 Cols 1
data loaded
	N: 1000000
	DIM: 768
FhtKacRotator is selected
Start IVF construction...
	Loading clustering information...
Allocating memory for IVF...
Indexing time 0.0528837
0.6567	5
0.7235	10
0.7777	20
0.7948	30
0.8045	40
0.8105	50
0.8139	60
0.8153	70
0.8193	80
0.8201	90
0.8212	100
0.822	110
0.8235	120
0.8243	130
0.8262	140
0.827	150
0.8272	160
0.8277	170
nprobe	QPS	recall
5	1528.07	0.6567
10	1475.26	0.7235
20	1333.8	0.7777
30	1244.74	0.7948
40	1155.9	0.8045
50	1088.37	0.8105
60	1028.57	0.8139
70	969.782	0.8153
80	892.071	0.8193
90	838.383	0.8201
100	805.492	0.8212
110	765.411	0.822
120	734.114	0.8235
130	703.052	0.8243
140	671.442	0.8262
150	655.556	0.827
160	631.197	0.8272
170	606.092	0.8277
180	591.045	0.8276
	Command being timed: "./bin/ivf_rabitq_indexing /home/cc/research/datasets/arxiv-nomic-768-normalized/base.fvecs /home/cc/research/datasets/arxiv-nomic-768-normalized/query.fvecs /home/cc/research/datasets/arxiv-nomic-768-normalized/groundtruth.ivecs /home/cc/index/ivf_index/arxiv-nomic-768-normalized_centroids_4096.fvecs /home/cc/index/ivf_index/arxiv-nomic-768-normalized_clusterids_4096.ivecs 1"
	User time (seconds): 17.02
	System time (seconds): 1.92
	Percent of CPU this job got: 99%
	Elapsed (wall clock) time (h:mm:ss or m:ss): 0:18.95
	Average shared text size (kbytes): 0
	Average unshared data size (kbytes): 0
	Average stack size (kbytes): 0
	Average total size (kbytes): 0
	Maximum resident set size (kbytes): 3168508
	Average resident set size (kbytes): 0
	Major (requiring I/O) page faults: 0
	Minor (reclaiming a frame) page faults: 794231
	Voluntary context switches: 1
	Involuntary context switches: 26
	Swaps: 0
	File system inputs: 0
	File system outputs: 24
	Socket messages sent: 0
	Socket messages received: 0
	Signals delivered: 0
	Page size (bytes): 4096
	Exit status: 0
