File /home/cc/research/datasets/sun/base.fvecs loaded
Rows 79106 Cols 512
File /home/cc/research/datasets/sun/query.fvecs loaded
Rows 200 Cols 512
File /home/cc/research/datasets/sun/groundtruth.ivecs loaded
Rows 200 Cols 20
File /home/cc/index/ivf_index/sun_centroids_4096.fvecs loaded
Rows 4096 Cols 512
File /home/cc/index/ivf_index/sun_clusterids_4096.ivecs loaded
Rows 79106 Cols 1
data loaded
	N: 79106
	DIM: 512
FhtKacRotator is selected
Start IVF construction...
	Loading clustering information...
Allocating memory for IVF...
Indexing time 0.119719
0.375	5
0.53225	10
0.6895	20
0.76675	30
0.82175	40
0.851	50
0.87475	60
0.89275	70
0.9085	80
0.919	90
0.92925	100
0.9345	110
0.9395	120
0.943	130
0.9465	140
0.94775	150
0.94975	160
0.952	170
0.95275	180
nprobe	QPS	recall
5	2609.4	0.375
10	2547.15	0.53225
20	2457.85	0.6895
30	2386.48	0.76675
40	2324.81	0.82175
50	2268.01	0.851
60	2218	0.87475
70	2170.68	0.89275
80	2127.7	0.9085
90	2085.78	0.919
100	2050.23	0.92925
110	2020.23	0.9345
120	1984.04	0.9395
130	1951.33	0.943
140	1919.57	0.9465
150	1889.69	0.94775
160	1857.87	0.94975
170	1832.36	0.952
180	1805.01	0.95275
190	1776.95	0.95275
	Command being timed: "./bin/ivf_rabitq_indexing /home/cc/research/datasets/sun/base.fvecs /home/cc/research/datasets/sun/query.fvecs /home/cc/research/datasets/sun/groundtruth.ivecs /home/cc/index/ivf_index/sun_centroids_4096.fvecs /home/cc/index/ivf_index/sun_clusterids_4096.ivecs 4"
	User time (seconds): 18.70
	System time (seconds): 0.12
	Percent of CPU this job got: 99%
	Elapsed (wall clock) time (h:mm:ss or m:ss): 0:18.83
	Average shared text size (kbytes): 0
	Average unshared data size (kbytes): 0
	Average stack size (kbytes): 0
	Average total size (kbytes): 0
	Maximum resident set size (kbytes): 215040
	Average resident set size (kbytes): 0
	Major (requiring I/O) page faults: 0
	Minor (reclaiming a frame) page faults: 53324
	Voluntary context switches: 1
	Involuntary context switches: 26
	Swaps: 0
	File system inputs: 0
	File system outputs: 24
	Socket messages sent: 0
	Socket messages received: 0
	Signals delivered: 0
	Page size (bytes): 4096
	Exit status: 0
