File /home/cc/research/datasets/MNIST/base.fvecs loaded
Rows 69000 Cols 784
File /home/cc/research/datasets/MNIST/query.fvecs loaded
Rows 200 Cols 784
File /home/cc/research/datasets/MNIST/groundtruth.ivecs loaded
Rows 200 Cols 20
File /home/cc/index/ivf_index/MNIST_centroids_4096.fvecs loaded
Rows 4096 Cols 784
File /home/cc/index/ivf_index/MNIST_clusterids_4096.ivecs loaded
Rows 69000 Cols 1
data loaded
	N: 69000
	DIM: 784
FhtKacRotator is selected
Start IVF construction...
	Loading clustering information...
Allocating memory for IVF...
Indexing time 0.172922
0.67	5
0.83725	10
0.935	20
0.96025	30
0.97025	40
0.97375	50
0.97625	60
0.97825	70
0.9805	80
0.98125	90
0.98175	100
0.9825	110
0.98275	120
0.983	130
nprobe	QPS	recall
5	1636.25	0.67
10	1616.42	0.83725
20	1588.1	0.935
30	1560.64	0.96025
40	1541.89	0.97025
50	1523.11	0.97375
60	1504.15	0.97625
70	1484.73	0.97825
80	1468.91	0.9805
90	1452.61	0.98125
100	1433.73	0.98175
110	1417.13	0.9825
120	1399.24	0.98275
130	1381.58	0.983
140	1361.85	0.983
	Command being timed: "./bin/ivf_rabitq_indexing /home/cc/research/datasets/MNIST/base.fvecs /home/cc/research/datasets/MNIST/query.fvecs /home/cc/research/datasets/MNIST/groundtruth.ivecs /home/cc/index/ivf_index/MNIST_centroids_4096.fvecs /home/cc/index/ivf_index/MNIST_clusterids_4096.ivecs 4"
	User time (seconds): 22.51
	System time (seconds): 0.16
	Percent of CPU this job got: 99%
	Elapsed (wall clock) time (h:mm:ss or m:ss): 0:22.67
	Average shared text size (kbytes): 0
	Average unshared data size (kbytes): 0
	Average stack size (kbytes): 0
	Average total size (kbytes): 0
	Maximum resident set size (kbytes): 291840
	Average resident set size (kbytes): 0
	Major (requiring I/O) page faults: 0
	Minor (reclaiming a frame) page faults: 72587
	Voluntary context switches: 1
	Involuntary context switches: 90
	Swaps: 0
	File system inputs: 0
	File system outputs: 8
	Socket messages sent: 0
	Socket messages received: 0
	Signals delivered: 0
	Page size (bytes): 4096
	Exit status: 0
