File /home/cc/research/datasets/ethz/base.fvecs loaded
Rows 36643 Cols 256
File /home/cc/research/datasets/ethz/query.fvecs loaded
Rows 100 Cols 256
File /home/cc/research/datasets/ethz/groundtruth.ivecs loaded
Rows 100 Cols 100
File /home/cc/index/ivf_index/ethz_centroids_4096.fvecs loaded
Rows 4096 Cols 256
File /home/cc/index/ivf_index/ethz_clusterids_4096.ivecs loaded
Rows 36643 Cols 1
data loaded
	N: 36643
	DIM: 256
FhtKacRotator is selected
Start IVF construction...
	Loading clustering information...
Allocating memory for IVF...
Indexing time 0.00103059
0.5444	5
0.7559	10
0.8777	20
0.8911	30
0.8932	40
0.8947	50
0.8959	60
0.8969	70
0.8975	80
0.8977	90
0.8982	100
0.8987	110
0.8988	120
0.8991	130
0.8994	140
0.8997	150
0.8999	160
0.9	170
0.9001	180
nprobe	QPS	recall
5	4944.2	0.5444
10	4775.11	0.7559
20	4512.67	0.8777
30	4313.1	0.8911
40	4137.08	0.8932
50	3994.95	0.8947
60	3844.52	0.8959
70	3741.1	0.8969
80	3624.51	0.8975
90	3530.56	0.8977
100	3440.86	0.8982
110	3364.79	0.8987
120	3277.81	0.8988
130	3204.65	0.8991
140	3126.47	0.8994
150	3062.48	0.8997
160	3000.15	0.8999
170	2937.4	0.9
180	2876.55	0.9001
190	2824.97	0.9
	Command being timed: "./bin/ivf_rabitq_indexing /home/cc/research/datasets/ethz/base.fvecs /home/cc/research/datasets/ethz/query.fvecs /home/cc/research/datasets/ethz/groundtruth.ivecs /home/cc/index/ivf_index/ethz_centroids_4096.fvecs /home/cc/index/ivf_index/ethz_clusterids_4096.ivecs 1"
	User time (seconds): 3.53
	System time (seconds): 0.04
	Percent of CPU this job got: 99%
	Elapsed (wall clock) time (h:mm:ss or m:ss): 0:03.58
	Average shared text size (kbytes): 0
	Average unshared data size (kbytes): 0
	Average stack size (kbytes): 0
	Average total size (kbytes): 0
	Maximum resident set size (kbytes): 58880
	Average resident set size (kbytes): 0
	Major (requiring I/O) page faults: 0
	Minor (reclaiming a frame) page faults: 14456
	Voluntary context switches: 1
	Involuntary context switches: 5
	Swaps: 0
	File system inputs: 0
	File system outputs: 16
	Socket messages sent: 0
	Socket messages received: 0
	Signals delivered: 0
	Page size (bytes): 4096
	Exit status: 0
