File /home/cc/research/datasets/nytimes/base.fvecs loaded
Rows 290000 Cols 256
File /home/cc/research/datasets/nytimes/query.fvecs loaded
Rows 100 Cols 256
File /home/cc/research/datasets/nytimes/groundtruth.ivecs loaded
Rows 100 Cols 100
File /home/cc/index/ivf_index/nytimes_centroids_4096.fvecs loaded
Rows 4096 Cols 256
File /home/cc/index/ivf_index/nytimes_clusterids_4096.ivecs loaded
Rows 290000 Cols 1
data loaded
	N: 290000
	DIM: 256
FhtKacRotator is selected
Start IVF construction...
	Loading clustering information...
Allocating memory for IVF...
Indexing time 0.106353
0.1825	5
0.3257	10
0.5851	20
0.8159	30
0.9038	40
0.9232	50
0.9598	60
0.979	70
nprobe	QPS	recall
5	3341.75	0.1825
10	2708.77	0.3257
20	2038.51	0.5851
30	1733.41	0.8159
40	1535.21	0.9038
50	1397	0.9232
60	1282.05	0.9598
70	1213.65	0.979
80	1149.97	0.979
	Command being timed: "./bin/ivf_rabitq_indexing /home/cc/research/datasets/nytimes/base.fvecs /home/cc/research/datasets/nytimes/query.fvecs /home/cc/research/datasets/nytimes/groundtruth.ivecs /home/cc/index/ivf_index/nytimes_centroids_4096.fvecs /home/cc/index/ivf_index/nytimes_clusterids_4096.ivecs 2"
	User time (seconds): 9.79
	System time (seconds): 0.23
	Percent of CPU this job got: 100%
	Elapsed (wall clock) time (h:mm:ss or m:ss): 0:10.03
	Average shared text size (kbytes): 0
	Average unshared data size (kbytes): 0
	Average stack size (kbytes): 0
	Average total size (kbytes): 0
	Maximum resident set size (kbytes): 338812
	Average resident set size (kbytes): 0
	Major (requiring I/O) page faults: 0
	Minor (reclaiming a frame) page faults: 86805
	Voluntary context switches: 1
	Involuntary context switches: 14
	Swaps: 0
	File system inputs: 0
	File system outputs: 24
	Socket messages sent: 0
	Socket messages received: 0
	Signals delivered: 0
	Page size (bytes): 4096
	Exit status: 0
