File /home/cc/research/datasets/PNW/base.fvecs loaded
Rows 1000000 Cols 256
File /home/cc/research/datasets/PNW/query.fvecs loaded
Rows 300 Cols 256
File /home/cc/research/datasets/PNW/groundtruth.ivecs loaded
Rows 300 Cols 100
File /home/cc/index/ivf_index/PNW_centroids_4096.fvecs loaded
Rows 4096 Cols 256
File /home/cc/index/ivf_index/PNW_clusterids_4096.ivecs loaded
Rows 1000000 Cols 1
data loaded
	N: 1000000
	DIM: 256
FhtKacRotator is selected
Start IVF construction...
	Loading clustering information...
Allocating memory for IVF...
Indexing time 0.0232463
0.539667	5
0.5822	10
0.683267	20
0.782867	30
0.820033	40
0.8455	50
0.8536	60
0.868933	70
0.872633	80
0.8757	90
0.877533	100
0.8787	110
0.8797	120
0.882833	130
0.883967	140
0.884733	150
0.885267	160
0.886633	170
0.887	180
0.887767	190
0.888433	200
0.889467	240
0.8898	280
0.890267	320
0.890533	360
nprobe	QPS	recall
5	236.405	0.539667
10	224.825	0.5822
20	188.601	0.683267
30	159.079	0.782867
40	150.259	0.820033
50	144.146	0.8455
60	142.58	0.8536
70	138.554	0.868933
80	137.58	0.872633
90	136.282	0.8757
100	135.4	0.877533
110	134.24	0.8787
120	133.938	0.8797
130	132.731	0.882833
140	132.538	0.883967
150	131.896	0.884733
160	131.393	0.885267
170	130.895	0.886633
180	130.516	0.887
190	130.102	0.887767
200	130.079	0.888433
240	128.74	0.889467
280	127.122	0.8898
320	125.809	0.890267
360	124.556	0.890533
400	124.444	0.8905
	Command being timed: "./bin/ivf_rabitq_indexing /home/cc/research/datasets/PNW/base.fvecs /home/cc/research/datasets/PNW/query.fvecs /home/cc/research/datasets/PNW/groundtruth.ivecs /home/cc/index/ivf_index/PNW_centroids_4096.fvecs /home/cc/index/ivf_index/PNW_clusterids_4096.ivecs 1"
	User time (seconds): 337.14
	System time (seconds): 1.05
	Percent of CPU this job got: 99%
	Elapsed (wall clock) time (h:mm:ss or m:ss): 5:38.20
	Average shared text size (kbytes): 0
	Average unshared data size (kbytes): 0
	Average stack size (kbytes): 0
	Average total size (kbytes): 0
	Maximum resident set size (kbytes): 1258240
	Average resident set size (kbytes): 0
	Major (requiring I/O) page faults: 0
	Minor (reclaiming a frame) page faults: 316636
	Voluntary context switches: 1
	Involuntary context switches: 219
	Swaps: 0
	File system inputs: 0
	File system outputs: 104
	Socket messages sent: 0
	Socket messages received: 0
	Signals delivered: 0
	Page size (bytes): 4096
	Exit status: 0
