File /home/cc/research/datasets/random/base.fvecs loaded
Rows 1000000 Cols 100
File /home/cc/research/datasets/random/query.fvecs loaded
Rows 200 Cols 100
File /home/cc/research/datasets/random/groundtruth.ivecs loaded
Rows 200 Cols 20
File /home/cc/index/ivf_index/random_centroids_4096.fvecs loaded
Rows 4096 Cols 100
File /home/cc/index/ivf_index/random_clusterids_4096.ivecs loaded
Rows 1000000 Cols 1
data loaded
	N: 1000000
	DIM: 100
FhtKacRotator is selected
Start IVF construction...
	Loading clustering information...
Allocating memory for IVF...
Indexing time 0.169774
0.2425	5
0.34575	10
0.44225	20
0.4845	30
0.50575	40
0.51375	50
0.5195	60
0.5245	70
0.528	80
0.52925	90
0.53	100
0.5305	110
0.531	120
0.53125	130
nprobe	QPS	recall
5	3212.48	0.2425
10	2225.8	0.34575
20	1533.49	0.44225
30	1195.22	0.4845
40	993.346	0.50575
50	874.55	0.51375
60	800.563	0.5195
70	754.818	0.5245
80	715.244	0.528
90	687.628	0.52925
100	664.039	0.53
110	644.202	0.5305
120	622.61	0.531
130	604.312	0.53125
140	585.626	0.531
	Command being timed: "./bin/ivf_rabitq_indexing /home/cc/research/datasets/random/base.fvecs /home/cc/research/datasets/random/query.fvecs /home/cc/research/datasets/random/groundtruth.ivecs /home/cc/index/ivf_index/random_centroids_4096.fvecs /home/cc/index/ivf_index/random_clusterids_4096.ivecs 2"
	User time (seconds): 32.03
	System time (seconds): 0.30
	Percent of CPU this job got: 99%
	Elapsed (wall clock) time (h:mm:ss or m:ss): 0:32.34
	Average shared text size (kbytes): 0
	Average unshared data size (kbytes): 0
	Average stack size (kbytes): 0
	Average total size (kbytes): 0
	Maximum resident set size (kbytes): 471432
	Average resident set size (kbytes): 0
	Major (requiring I/O) page faults: 0
	Minor (reclaiming a frame) page faults: 126856
	Voluntary context switches: 1
	Involuntary context switches: 41
	Swaps: 0
	File system inputs: 0
	File system outputs: 32
	Socket messages sent: 0
	Socket messages received: 0
	Signals delivered: 0
	Page size (bytes): 4096
	Exit status: 0
