File /home/cc/research/datasets/gooaq-distilroberta-768-normalized/base.fvecs loaded
Rows 1000000 Cols 768
File /home/cc/research/datasets/gooaq-distilroberta-768-normalized/query.fvecs loaded
Rows 100 Cols 768
File /home/cc/research/datasets/gooaq-distilroberta-768-normalized/groundtruth.ivecs loaded
Rows 100 Cols 100
File /home/cc/index/ivf_index/gooaq-distilroberta-768-normalized_centroids_4096.fvecs loaded
Rows 4096 Cols 768
File /home/cc/index/ivf_index/gooaq-distilroberta-768-normalized_clusterids_4096.ivecs loaded
Rows 1000000 Cols 1
data loaded
	N: 1000000
	DIM: 768
FhtKacRotator is selected
Start IVF construction...
	Loading clustering information...
Allocating memory for IVF...
Indexing time 1.3232
0.7513	5
0.8166	10
0.8658	20
0.8866	30
0.8973	40
0.9035	50
0.9066	60
0.9104	70
0.9135	80
0.9145	90
0.9162	100
0.9191	110
0.9202	120
0.921	130
0.922	140
0.9238	150
0.9243	160
0.9249	170
nprobe	QPS	recall
5	1395.67	0.7513
10	1327.43	0.8166
20	1199.86	0.8658
30	1101.74	0.8866
40	1009.21	0.8973
50	949.819	0.9035
60	895.046	0.9066
70	847.331	0.9104
80	805.82	0.9135
90	769.991	0.9145
100	730.207	0.9162
110	710.201	0.9191
120	681.644	0.9202
130	661.72	0.921
140	639.19	0.922
150	618.152	0.9238
160	594.387	0.9243
170	576.222	0.9249
180	558.34	0.9249
	Command being timed: "./bin/ivf_rabitq_indexing /home/cc/research/datasets/gooaq-distilroberta-768-normalized/base.fvecs /home/cc/research/datasets/gooaq-distilroberta-768-normalized/query.fvecs /home/cc/research/datasets/gooaq-distilroberta-768-normalized/groundtruth.ivecs /home/cc/index/ivf_index/gooaq-distilroberta-768-normalized_centroids_4096.fvecs /home/cc/index/ivf_index/gooaq-distilroberta-768-normalized_clusterids_4096.ivecs 2"
	User time (seconds): 94.03
	System time (seconds): 2.47
	Percent of CPU this job got: 99%
	Elapsed (wall clock) time (h:mm:ss or m:ss): 1:36.50
	Average shared text size (kbytes): 0
	Average unshared data size (kbytes): 0
	Average stack size (kbytes): 0
	Average total size (kbytes): 0
	Maximum resident set size (kbytes): 3268344
	Average resident set size (kbytes): 0
	Major (requiring I/O) page faults: 0
	Minor (reclaiming a frame) page faults: 819080
	Voluntary context switches: 1
	Involuntary context switches: 125
	Swaps: 0
	File system inputs: 0
	File system outputs: 24
	Socket messages sent: 0
	Socket messages received: 0
	Signals delivered: 0
	Page size (bytes): 4096
	Exit status: 0
