File /home/cc/research/datasets/lendb/base.fvecs loaded
Rows 1000000 Cols 256
File /home/cc/research/datasets/lendb/query.fvecs loaded
Rows 100 Cols 256
File /home/cc/research/datasets/lendb/groundtruth.ivecs loaded
Rows 100 Cols 100
File /home/cc/index/ivf_index/lendb_centroids_4096.fvecs loaded
Rows 4096 Cols 256
File /home/cc/index/ivf_index/lendb_clusterids_4096.ivecs loaded
Rows 1000000 Cols 1
data loaded
	N: 1000000
	DIM: 256
FhtKacRotator is selected
Start IVF construction...
	Loading clustering information...
Allocating memory for IVF...
Indexing time 0.0226367
0.7116	5
0.7995	10
0.8249	20
0.8281	30
0.8296	40
nprobe	QPS	recall
5	3950.77	0.7116
10	3213.34	0.7995
20	2333.56	0.8249
30	1803.9	0.8281
40	1491.25	0.8296
50	1274.89	0.8295
	Command being timed: "./bin/ivf_rabitq_indexing /home/cc/research/datasets/lendb/base.fvecs /home/cc/research/datasets/lendb/query.fvecs /home/cc/research/datasets/lendb/groundtruth.ivecs /home/cc/index/ivf_index/lendb_centroids_4096.fvecs /home/cc/index/ivf_index/lendb_clusterids_4096.ivecs 1"
	User time (seconds): 3.26
	System time (seconds): 0.67
	Percent of CPU this job got: 100%
	Elapsed (wall clock) time (h:mm:ss or m:ss): 0:03.94
	Average shared text size (kbytes): 0
	Average unshared data size (kbytes): 0
	Average stack size (kbytes): 0
	Average total size (kbytes): 0
	Maximum resident set size (kbytes): 1078792
	Average resident set size (kbytes): 0
	Major (requiring I/O) page faults: 0
	Minor (reclaiming a frame) page faults: 274405
	Voluntary context switches: 1
	Involuntary context switches: 5
	Swaps: 0
	File system inputs: 0
	File system outputs: 16
	Socket messages sent: 0
	Socket messages received: 0
	Signals delivered: 0
	Page size (bytes): 4096
	Exit status: 0
