File /home/cc/research/datasets/imageNet/base.fvecs loaded
Rows 2340373 Cols 150
File /home/cc/research/datasets/imageNet/query.fvecs loaded
Rows 200 Cols 150
File /home/cc/research/datasets/imageNet/groundtruth.ivecs loaded
Rows 200 Cols 20
File /home/cc/index/ivf_index/imageNet_centroids_4096.fvecs loaded
Rows 4096 Cols 150
File /home/cc/index/ivf_index/imageNet_clusterids_4096.ivecs loaded
Rows 2340373 Cols 1
data loaded
	N: 2340373
	DIM: 150
FhtKacRotator is selected
Start IVF construction...
	Loading clustering information...
Allocating memory for IVF...
Indexing time 0.036649
0.4535	5
0.52225	10
0.5695	20
0.57725	30
0.58475	40
0.5855	50
0.58675	60
nprobe	QPS	recall
5	5619.21	0.4535
10	4714.03	0.52225
20	3620.9	0.5695
30	2929.97	0.57725
40	2457.89	0.58475
50	2118.68	0.5855
60	1839.78	0.58675
70	1652.31	0.586
	Command being timed: "./bin/ivf_rabitq_indexing /home/cc/research/datasets/imageNet/base.fvecs /home/cc/research/datasets/imageNet/query.fvecs /home/cc/research/datasets/imageNet/groundtruth.ivecs /home/cc/index/ivf_index/imageNet_centroids_4096.fvecs /home/cc/index/ivf_index/imageNet_clusterids_4096.ivecs 1"
	User time (seconds): 6.01
	System time (seconds): 0.95
	Percent of CPU this job got: 99%
	Elapsed (wall clock) time (h:mm:ss or m:ss): 0:06.96
	Average shared text size (kbytes): 0
	Average unshared data size (kbytes): 0
	Average stack size (kbytes): 0
	Average total size (kbytes): 0
	Maximum resident set size (kbytes): 1501868
	Average resident set size (kbytes): 0
	Major (requiring I/O) page faults: 0
	Minor (reclaiming a frame) page faults: 379384
	Voluntary context switches: 1
	Involuntary context switches: 10
	Swaps: 0
	File system inputs: 0
	File system outputs: 16
	Socket messages sent: 0
	Socket messages received: 0
	Signals delivered: 0
	Page size (bytes): 4096
	Exit status: 0
