File /home/cc/research/datasets/instancegm/base.fvecs loaded
Rows 1000000 Cols 128
File /home/cc/research/datasets/instancegm/query.fvecs loaded
Rows 100 Cols 128
File /home/cc/research/datasets/instancegm/groundtruth.ivecs loaded
Rows 100 Cols 100
File /home/cc/index/ivf_index/instancegm_centroids_4096.fvecs loaded
Rows 4096 Cols 128
File /home/cc/index/ivf_index/instancegm_clusterids_4096.ivecs loaded
Rows 1000000 Cols 1
data loaded
	N: 1000000
	DIM: 128
FhtKacRotator is selected
Start IVF construction...
	Loading clustering information...
Allocating memory for IVF...
Indexing time 0.167779
0.7914	5
0.8454	10
0.8805	20
0.8938	30
0.8988	40
0.904	50
0.9061	60
0.9085	70
0.9099	80
0.9108	90
0.9117	100
0.9124	110
0.913	120
0.9138	130
0.914	140
0.9146	150
nprobe	QPS	recall
5	7543.87	0.7914
10	6856.1	0.8454
20	5992.3	0.8805
30	5385.21	0.8938
40	4906.89	0.8988
50	4519.08	0.904
60	4181.84	0.9061
70	3884.99	0.9085
80	3690.55	0.9099
90	3467.34	0.9108
100	3257.17	0.9117
110	3157.04	0.9124
120	2971.64	0.913
130	2795.67	0.9138
140	2710.03	0.914
150	2666.63	0.9146
160	2584.6	0.9145
	Command being timed: "./bin/ivf_rabitq_indexing /home/cc/research/datasets/instancegm/base.fvecs /home/cc/research/datasets/instancegm/query.fvecs /home/cc/research/datasets/instancegm/groundtruth.ivecs /home/cc/index/ivf_index/instancegm_centroids_4096.fvecs /home/cc/index/ivf_index/instancegm_clusterids_4096.ivecs 2"
	User time (seconds): 12.91
	System time (seconds): 0.37
	Percent of CPU this job got: 100%
	Elapsed (wall clock) time (h:mm:ss or m:ss): 0:13.28
	Average shared text size (kbytes): 0
	Average unshared data size (kbytes): 0
	Average stack size (kbytes): 0
	Average total size (kbytes): 0
	Maximum resident set size (kbytes): 574720
	Average resident set size (kbytes): 0
	Major (requiring I/O) page faults: 0
	Minor (reclaiming a frame) page faults: 144165
	Voluntary context switches: 1
	Involuntary context switches: 19
	Swaps: 0
	File system inputs: 0
	File system outputs: 24
	Socket messages sent: 0
	Socket messages received: 0
	Signals delivered: 0
	Page size (bytes): 4096
	Exit status: 0
