File /home/cc/research/datasets/nuswide/base.fvecs loaded
Rows 268643 Cols 500
File /home/cc/research/datasets/nuswide/query.fvecs loaded
Rows 200 Cols 500
File /home/cc/research/datasets/nuswide/groundtruth.ivecs loaded
Rows 200 Cols 20
File /home/cc/index/ivf_index/nuswide_centroids_4096.fvecs loaded
Rows 4096 Cols 500
File /home/cc/index/ivf_index/nuswide_clusterids_4096.ivecs loaded
Rows 268643 Cols 1
data loaded
	N: 268643
	DIM: 500
FhtKacRotator is selected
Start IVF construction...
	Loading clustering information...
Allocating memory for IVF...
Indexing time 0.009974
0.26275	5
0.347	10
0.416	20
0.44925	30
0.4755	40
0.48825	50
0.50275	60
0.50925	70
0.51475	80
0.519	90
0.52425	100
0.528	110
0.52975	120
0.5315	130
0.53425	140
0.53475	150
0.53875	160
0.53925	170
0.5395	180
0.54	190
0.5415	200
0.54575	240
0.54825	280
0.55	320
0.5505	360
0.55125	400
0.5525	500
0.553	600
nprobe	QPS	recall
5	2538.46	0.26275
10	2419.86	0.347
20	2268.68	0.416
30	2126.76	0.44925
40	2002.21	0.4755
50	1899.64	0.48825
60	1809.01	0.50275
70	1716.42	0.50925
80	1651.34	0.51475
90	1584.96	0.519
100	1521.38	0.52425
110	1465.62	0.528
120	1411.29	0.52975
130	1364.94	0.5315
140	1314.67	0.53425
150	1272.68	0.53475
160	1231.22	0.53875
170	1200.81	0.53925
180	1179.66	0.5395
190	1147.68	0.54
200	1116.67	0.5415
240	1011.64	0.54575
280	929.291	0.54825
320	868.388	0.55
360	808.293	0.5505
400	754.588	0.55125
500	668.341	0.5525
600	589.233	0.553
700	531.213	0.553
	Command being timed: "./bin/ivf_rabitq_indexing /home/cc/research/datasets/nuswide/base.fvecs /home/cc/research/datasets/nuswide/query.fvecs /home/cc/research/datasets/nuswide/groundtruth.ivecs /home/cc/index/ivf_index/nuswide_centroids_4096.fvecs /home/cc/index/ivf_index/nuswide_clusterids_4096.ivecs 1"
	User time (seconds): 30.63
	System time (seconds): 0.38
	Percent of CPU this job got: 99%
	Elapsed (wall clock) time (h:mm:ss or m:ss): 0:31.02
	Average shared text size (kbytes): 0
	Average unshared data size (kbytes): 0
	Average stack size (kbytes): 0
	Average total size (kbytes): 0
	Maximum resident set size (kbytes): 583232
	Average resident set size (kbytes): 0
	Major (requiring I/O) page faults: 0
	Minor (reclaiming a frame) page faults: 147681
	Voluntary context switches: 1
	Involuntary context switches: 39
	Swaps: 0
	File system inputs: 0
	File system outputs: 24
	Socket messages sent: 0
	Socket messages received: 0
	Signals delivered: 0
	Page size (bytes): 4096
	Exit status: 0
