File /home/cc/research/datasets/ukbench/base.fvecs loaded
Rows 1097907 Cols 128
File /home/cc/research/datasets/ukbench/query.fvecs loaded
Rows 200 Cols 128
File /home/cc/research/datasets/ukbench/groundtruth.ivecs loaded
Rows 200 Cols 20
File /home/cc/index/ivf_index/ukbench_centroids_4096.fvecs loaded
Rows 4096 Cols 128
File /home/cc/index/ivf_index/ukbench_clusterids_4096.ivecs loaded
Rows 1097907 Cols 1
data loaded
	N: 1097907
	DIM: 128
FhtKacRotator is selected
Start IVF construction...
	Loading clustering information...
Allocating memory for IVF...
Indexing time 0.0154242
0.55725	5
0.60925	10
0.6305	20
0.636	30
0.6395	40
0.64	50
0.6415	60
nprobe	QPS	recall
5	9652.69	0.55725
10	8619.53	0.60925
20	7122.68	0.6305
30	6146.11	0.636
40	5356.33	0.6395
50	4886.94	0.64
60	4431.25	0.6415
70	4070.71	0.64075
	Command being timed: "./bin/ivf_rabitq_indexing /home/cc/research/datasets/ukbench/base.fvecs /home/cc/research/datasets/ukbench/query.fvecs /home/cc/research/datasets/ukbench/groundtruth.ivecs /home/cc/index/ivf_index/ukbench_centroids_4096.fvecs /home/cc/index/ivf_index/ukbench_clusterids_4096.ivecs 1"
	User time (seconds): 2.67
	System time (seconds): 0.41
	Percent of CPU this job got: 100%
	Elapsed (wall clock) time (h:mm:ss or m:ss): 0:03.08
	Average shared text size (kbytes): 0
	Average unshared data size (kbytes): 0
	Average stack size (kbytes): 0
	Average total size (kbytes): 0
	Maximum resident set size (kbytes): 605440
	Average resident set size (kbytes): 0
	Major (requiring I/O) page faults: 0
	Minor (reclaiming a frame) page faults: 151627
	Voluntary context switches: 1
	Involuntary context switches: 4
	Swaps: 0
	File system inputs: 0
	File system outputs: 8
	Socket messages sent: 0
	Socket messages received: 0
	Signals delivered: 0
	Page size (bytes): 4096
	Exit status: 0
