File /home/cc/research/datasets/notre/base.fvecs loaded
Rows 332668 Cols 128
File /home/cc/research/datasets/notre/query.fvecs loaded
Rows 200 Cols 128
File /home/cc/research/datasets/notre/groundtruth.ivecs loaded
Rows 200 Cols 20
File /home/cc/index/ivf_index/notre_centroids_4096.fvecs loaded
Rows 4096 Cols 128
File /home/cc/index/ivf_index/notre_clusterids_4096.ivecs loaded
Rows 332668 Cols 1
data loaded
	N: 332668
	DIM: 128
FhtKacRotator is selected
Start IVF construction...
	Loading clustering information...
Allocating memory for IVF...
Indexing time 0.10182
0.736	5
0.831	10
0.889	20
0.9095	30
0.921	40
0.929	50
0.932	60
0.936	70
0.939	80
0.9405	90
0.9425	100
0.94475	110
0.94575	120
0.9465	130
0.947	140
0.94725	150
0.9475	160
0.948	170
nprobe	QPS	recall
5	9106.25	0.736
10	8507.5	0.831
20	7621.58	0.889
30	6983.14	0.9095
40	6471.97	0.921
50	6029.94	0.929
60	5697.14	0.932
70	5404.42	0.936
80	5136.23	0.939
90	4885.49	0.9405
100	4648.38	0.9425
110	4401.86	0.94475
120	4250.5	0.94575
130	4120.64	0.9465
140	3983.27	0.947
150	3851.59	0.94725
160	3736.72	0.9475
170	3622.69	0.948
180	3518.37	0.948
	Command being timed: "./bin/ivf_rabitq_indexing /home/cc/research/datasets/notre/base.fvecs /home/cc/research/datasets/notre/query.fvecs /home/cc/research/datasets/notre/groundtruth.ivecs /home/cc/index/ivf_index/notre_centroids_4096.fvecs /home/cc/index/ivf_index/notre_clusterids_4096.ivecs 4"
	User time (seconds): 10.73
	System time (seconds): 0.12
	Percent of CPU this job got: 99%
	Elapsed (wall clock) time (h:mm:ss or m:ss): 0:10.85
	Average shared text size (kbytes): 0
	Average unshared data size (kbytes): 0
	Average stack size (kbytes): 0
	Average total size (kbytes): 0
	Maximum resident set size (kbytes): 209920
	Average resident set size (kbytes): 0
	Major (requiring I/O) page faults: 0
	Minor (reclaiming a frame) page faults: 51913
	Voluntary context switches: 1
	Involuntary context switches: 15
	Swaps: 0
	File system inputs: 0
	File system outputs: 24
	Socket messages sent: 0
	Socket messages received: 0
	Signals delivered: 0
	Page size (bytes): 4096
	Exit status: 0
