File /home/cc/research/datasets/millionSong/base.fvecs loaded
Rows 992272 Cols 420
File /home/cc/research/datasets/millionSong/query.fvecs loaded
Rows 200 Cols 420
File /home/cc/research/datasets/millionSong/groundtruth.ivecs loaded
Rows 200 Cols 20
File /home/cc/index/ivf_index/millionSong_centroids_4096.fvecs loaded
Rows 4096 Cols 420
File /home/cc/index/ivf_index/millionSong_clusterids_4096.ivecs loaded
Rows 992272 Cols 1
data loaded
	N: 992272
	DIM: 420
FhtKacRotator is selected
Start IVF construction...
	Loading clustering information...
Allocating memory for IVF...
Indexing time 0.0323614
0.6505	5
0.71525	10
0.7485	20
0.75575	30
0.75675	40
0.7575	50
nprobe	QPS	recall
5	2770.56	0.6505
10	2591.57	0.71525
20	2299.56	0.7485
30	2071.25	0.75575
40	1884.92	0.75675
50	1721.81	0.7575
60	1562.87	0.7575
	Command being timed: "./bin/ivf_rabitq_indexing /home/cc/research/datasets/millionSong/base.fvecs /home/cc/research/datasets/millionSong/query.fvecs /home/cc/research/datasets/millionSong/groundtruth.ivecs /home/cc/index/ivf_index/millionSong_centroids_4096.fvecs /home/cc/index/ivf_index/millionSong_clusterids_4096.ivecs 1"
	User time (seconds): 6.15
	System time (seconds): 1.07
	Percent of CPU this job got: 99%
	Elapsed (wall clock) time (h:mm:ss or m:ss): 0:07.22
	Average shared text size (kbytes): 0
	Average unshared data size (kbytes): 0
	Average stack size (kbytes): 0
	Average total size (kbytes): 0
	Maximum resident set size (kbytes): 1737900
	Average resident set size (kbytes): 0
	Major (requiring I/O) page faults: 0
	Minor (reclaiming a frame) page faults: 436313
	Voluntary context switches: 1
	Involuntary context switches: 11
	Swaps: 0
	File system inputs: 0
	File system outputs: 16
	Socket messages sent: 0
	Socket messages received: 0
	Signals delivered: 0
	Page size (bytes): 4096
	Exit status: 0
