File /home/cc/research/datasets/agnews-mxbai-1024-euclidean/base.fvecs loaded
Rows 769382 Cols 1024
File /home/cc/research/datasets/agnews-mxbai-1024-euclidean/query.fvecs loaded
Rows 100 Cols 1024
File /home/cc/research/datasets/agnews-mxbai-1024-euclidean/groundtruth.ivecs loaded
Rows 100 Cols 100
File /home/cc/index/ivf_index/agnews-mxbai-1024-euclidean_centroids_4096.fvecs loaded
Rows 4096 Cols 1024
File /home/cc/index/ivf_index/agnews-mxbai-1024-euclidean_clusterids_4096.ivecs loaded
Rows 769382 Cols 1
data loaded
	N: 769382
	DIM: 1024
FhtKacRotator is selected
Start IVF construction...
	Loading clustering information...
Allocating memory for IVF...
Indexing time 2.35377
0.7237	5
0.8034	10
0.8726	20
0.9	30
0.9197	40
0.9328	50
0.9397	60
0.9458	70
0.9501	80
0.9531	90
0.9567	100
0.9595	110
0.9612	120
0.9623	130
0.9643	140
0.9674	150
0.9681	160
0.969	170
0.9695	180
0.9697	190
0.9703	200
0.9727	240
0.9739	280
0.9749	320
0.9753	360
0.9755	400
0.9762	500
0.9774	600
0.978	700
0.9785	800
0.9786	900
0.9787	1000
0.979	1100
nprobe	QPS	recall
5	1174.35	0.7237
10	1139	0.8034
20	1050.54	0.8726
30	989.904	0.9
40	943.826	0.9197
50	895.81	0.9328
60	854.652	0.9397
70	822.252	0.9458
80	785.769	0.9501
90	757.142	0.9531
100	729.826	0.9567
110	706.758	0.9595
120	682.765	0.9612
130	663.628	0.9623
140	644.18	0.9643
150	614.072	0.9674
160	604.109	0.9681
170	575.213	0.969
180	565.29	0.9695
190	545.51	0.9697
200	536.292	0.9703
240	486.417	0.9727
280	449.114	0.9739
320	415.17	0.9749
360	387.061	0.9753
400	359.874	0.9755
500	308.304	0.9762
600	268.328	0.9774
700	241.807	0.978
800	219.631	0.9785
900	202.369	0.9786
1000	186.643	0.9787
1100	172.257	0.979
1200	159.54	0.979
	Command being timed: "./bin/ivf_rabitq_indexing /home/cc/research/datasets/agnews-mxbai-1024-euclidean/base.fvecs /home/cc/research/datasets/agnews-mxbai-1024-euclidean/query.fvecs /home/cc/research/datasets/agnews-mxbai-1024-euclidean/groundtruth.ivecs /home/cc/index/ivf_index/agnews-mxbai-1024-euclidean_centroids_4096.fvecs /home/cc/index/ivf_index/agnews-mxbai-1024-euclidean_clusterids_4096.ivecs 4"
	User time (seconds): 187.95
	System time (seconds): 2.63
	Percent of CPU this job got: 99%
	Elapsed (wall clock) time (h:mm:ss or m:ss): 3:10.60
	Average shared text size (kbytes): 0
	Average unshared data size (kbytes): 0
	Average stack size (kbytes): 0
	Average total size (kbytes): 0
	Maximum resident set size (kbytes): 3550828
	Average resident set size (kbytes): 0
	Major (requiring I/O) page faults: 0
	Minor (reclaiming a frame) page faults: 891108
	Voluntary context switches: 1
	Involuntary context switches: 233
	Swaps: 0
	File system inputs: 0
	File system outputs: 32
	Socket messages sent: 0
	Socket messages received: 0
	Signals delivered: 0
	Page size (bytes): 4096
	Exit status: 0
