File /home/cc/research/datasets/yi-128-ip/base.fvecs loaded
Rows 187843 Cols 128
File /home/cc/research/datasets/yi-128-ip/query.fvecs loaded
Rows 100 Cols 128
File /home/cc/research/datasets/yi-128-ip/groundtruth.ivecs loaded
Rows 100 Cols 100
File /home/cc/index/ivf_index/yi-128-ip_centroids_4096.fvecs loaded
Rows 4096 Cols 128
File /home/cc/index/ivf_index/yi-128-ip_clusterids_4096.ivecs loaded
Rows 187843 Cols 1
data loaded
	N: 187843
	DIM: 128
FhtKacRotator is selected
Start IVF construction...
	Loading clustering information...
Allocating memory for IVF...
Indexing time 0.00243256
0.44	5
0.559	10
0.6096	20
0.6143	30
nprobe	QPS	recall
5	9419.03	0.44
10	8810.31	0.559
20	8107.08	0.6096
30	7618	0.6143
40	7184.38	0.6134
	Command being timed: "./bin/ivf_rabitq_indexing /home/cc/research/datasets/yi-128-ip/base.fvecs /home/cc/research/datasets/yi-128-ip/query.fvecs /home/cc/research/datasets/yi-128-ip/groundtruth.ivecs /home/cc/index/ivf_index/yi-128-ip_centroids_4096.fvecs /home/cc/index/ivf_index/yi-128-ip_clusterids_4096.ivecs 1"
	User time (seconds): 0.55
	System time (seconds): 0.07
	Percent of CPU this job got: 100%
	Elapsed (wall clock) time (h:mm:ss or m:ss): 0:00.62
	Average shared text size (kbytes): 0
	Average unshared data size (kbytes): 0
	Average stack size (kbytes): 0
	Average total size (kbytes): 0
	Maximum resident set size (kbytes): 112640
	Average resident set size (kbytes): 0
	Major (requiring I/O) page faults: 0
	Minor (reclaiming a frame) page faults: 27706
	Voluntary context switches: 1
	Involuntary context switches: 1
	Swaps: 0
	File system inputs: 0
	File system outputs: 8
	Socket messages sent: 0
	Socket messages received: 0
	Signals delivered: 0
	Page size (bytes): 4096
	Exit status: 0
