File /home/cc/research/datasets/agnews-mxbai-1024-euclidean/base.fvecs loaded
Rows 769382 Cols 1024
File /home/cc/research/datasets/agnews-mxbai-1024-euclidean/query.fvecs loaded
Rows 100 Cols 1024
File /home/cc/research/datasets/agnews-mxbai-1024-euclidean/groundtruth.ivecs loaded
Rows 100 Cols 100
File /home/cc/index/ivf_index/agnews-mxbai-1024-euclidean_centroids_4096.fvecs loaded
Rows 4096 Cols 1024
File /home/cc/index/ivf_index/agnews-mxbai-1024-euclidean_clusterids_4096.ivecs loaded
Rows 769382 Cols 1
data loaded
	N: 769382
	DIM: 1024
FhtKacRotator is selected
Start IVF construction...
	Loading clustering information...
Allocating memory for IVF...
Indexing time 1.40182
0.7171	5
0.7899	10
0.8509	20
0.8731	30
0.8881	40
0.8974	50
0.9014	60
0.9056	70
0.9089	80
0.911	90
0.9137	100
0.915	110
0.9167	120
0.9175	130
0.9188	140
0.9212	150
0.9219	160
0.9224	170
0.9231	180
0.9233	190
0.9237	200
0.9253	240
0.9262	280
0.9267	320
0.9269	360
0.927	400
0.9276	500
0.9288	600
0.9291	700
0.9294	800
0.9295	900
nprobe	QPS	recall
5	1048.57	0.7171
10	1023.48	0.7899
20	955	0.8509
30	900.101	0.8731
40	851.749	0.8881
50	810.164	0.8974
60	775.508	0.9014
70	742.616	0.9056
80	713.465	0.9089
90	685.874	0.911
100	661.267	0.9137
110	638.53	0.915
120	618.137	0.9167
130	600.052	0.9175
140	580.704	0.9188
150	562.613	0.9212
160	546.299	0.9219
170	530.78	0.9224
180	515.565	0.9231
190	501.388	0.9233
200	485.773	0.9237
240	443.009	0.9253
280	407.813	0.9262
320	377.594	0.9267
360	351.981	0.9269
400	329.463	0.927
500	286.429	0.9276
600	252.224	0.9288
700	226.067	0.9291
800	206.929	0.9294
900	189.782	0.9295
1000	176.425	0.9295
	Command being timed: "./bin/ivf_rabitq_indexing /home/cc/research/datasets/agnews-mxbai-1024-euclidean/base.fvecs /home/cc/research/datasets/agnews-mxbai-1024-euclidean/query.fvecs /home/cc/research/datasets/agnews-mxbai-1024-euclidean/groundtruth.ivecs /home/cc/index/ivf_index/agnews-mxbai-1024-euclidean_centroids_4096.fvecs /home/cc/index/ivf_index/agnews-mxbai-1024-euclidean_clusterids_4096.ivecs 2"
	User time (seconds): 125.39
	System time (seconds): 4.70
	Percent of CPU this job got: 99%
	Elapsed (wall clock) time (h:mm:ss or m:ss): 2:10.10
	Average shared text size (kbytes): 0
	Average unshared data size (kbytes): 0
	Average stack size (kbytes): 0
	Average total size (kbytes): 0
	Maximum resident set size (kbytes): 3358608
	Average resident set size (kbytes): 0
	Major (requiring I/O) page faults: 0
	Minor (reclaiming a frame) page faults: 1501003
	Voluntary context switches: 1
	Involuntary context switches: 185
	Swaps: 0
	File system inputs: 0
	File system outputs: 32
	Socket messages sent: 0
	Socket messages received: 0
	Signals delivered: 0
	Page size (bytes): 4096
	Exit status: 0
