File /home/cc/research/datasets/cifar/base.fvecs loaded
Rows 50000 Cols 512
File /home/cc/research/datasets/cifar/query.fvecs loaded
Rows 200 Cols 512
File /home/cc/research/datasets/cifar/groundtruth.ivecs loaded
Rows 200 Cols 20
File /home/cc/index/ivf_index/cifar_centroids_4096.fvecs loaded
Rows 4096 Cols 512
File /home/cc/index/ivf_index/cifar_clusterids_4096.ivecs loaded
Rows 50000 Cols 1
data loaded
	N: 50000
	DIM: 512
FhtKacRotator is selected
Start IVF construction...
	Loading clustering information...
Allocating memory for IVF...
Indexing time 0.0023232
0.37075	5
0.5095	10
0.6315	20
0.6835	30
0.715	40
0.7325	50
0.745	60
0.75425	70
0.76325	80
0.76875	90
0.77175	100
0.77575	110
0.77725	120
0.7795	130
0.7805	140
0.7815	150
0.783	160
0.78375	170
0.78425	180
nprobe	QPS	recall
5	2546.48	0.37075
10	2508.38	0.5095
20	2431.72	0.6315
30	2358.98	0.6835
40	2300.07	0.715
50	2248.48	0.7325
60	2189.89	0.745
70	2136.72	0.75425
80	2084.27	0.76325
90	2034.03	0.76875
100	1984.18	0.77175
110	1948.53	0.77575
120	1912.4	0.77725
130	1878.34	0.7795
140	1852.56	0.7805
150	1828.74	0.7815
160	1796.61	0.783
170	1764.62	0.78375
180	1734.01	0.78425
190	1706.7	0.784
	Command being timed: "./bin/ivf_rabitq_indexing /home/cc/research/datasets/cifar/base.fvecs /home/cc/research/datasets/cifar/query.fvecs /home/cc/research/datasets/cifar/groundtruth.ivecs /home/cc/index/ivf_index/cifar_centroids_4096.fvecs /home/cc/index/ivf_index/cifar_clusterids_4096.ivecs 1"
	User time (seconds): 11.91
	System time (seconds): 0.09
	Percent of CPU this job got: 99%
	Elapsed (wall clock) time (h:mm:ss or m:ss): 0:12.01
	Average shared text size (kbytes): 0
	Average unshared data size (kbytes): 0
	Average stack size (kbytes): 0
	Average total size (kbytes): 0
	Maximum resident set size (kbytes): 138240
	Average resident set size (kbytes): 0
	Major (requiring I/O) page faults: 0
	Minor (reclaiming a frame) page faults: 34256
	Voluntary context switches: 1
	Involuntary context switches: 15
	Swaps: 0
	File system inputs: 0
	File system outputs: 24
	Socket messages sent: 0
	Socket messages received: 0
	Signals delivered: 0
	Page size (bytes): 4096
	Exit status: 0
