File /home/cc/research/datasets/lendb/base.fvecs loaded
Rows 1000000 Cols 256
File /home/cc/research/datasets/lendb/query.fvecs loaded
Rows 100 Cols 256
File /home/cc/research/datasets/lendb/groundtruth.ivecs loaded
Rows 100 Cols 100
File /home/cc/index/ivf_index/lendb_centroids_4096.fvecs loaded
Rows 4096 Cols 256
File /home/cc/index/ivf_index/lendb_clusterids_4096.ivecs loaded
Rows 1000000 Cols 1
data loaded
	N: 1000000
	DIM: 256
FhtKacRotator is selected
Start IVF construction...
	Loading clustering information...
Allocating memory for IVF...
Indexing time 0.665918
0.7551	5
0.904	10
0.9597	20
0.968	30
0.9708	40
0.9716	50
0.972	60
0.9725	70
0.9731	80
0.9733	90
0.9735	100
0.9736	110
nprobe	QPS	recall
5	3363.26	0.7551
10	2796.22	0.904
20	2172.55	0.9597
30	1800.21	0.968
40	1543.92	0.9708
50	1365.96	0.9716
60	1219.35	0.972
70	1090.98	0.9725
80	980.952	0.9731
90	904.72	0.9733
100	836.867	0.9735
110	782.043	0.9736
120	736.104	0.9736
	Command being timed: "./bin/ivf_rabitq_indexing /home/cc/research/datasets/lendb/base.fvecs /home/cc/research/datasets/lendb/query.fvecs /home/cc/research/datasets/lendb/groundtruth.ivecs /home/cc/index/ivf_index/lendb_centroids_4096.fvecs /home/cc/index/ivf_index/lendb_clusterids_4096.ivecs 4"
	User time (seconds): 46.38
	System time (seconds): 0.70
	Percent of CPU this job got: 99%
	Elapsed (wall clock) time (h:mm:ss or m:ss): 0:47.08
	Average shared text size (kbytes): 0
	Average unshared data size (kbytes): 0
	Average stack size (kbytes): 0
	Average total size (kbytes): 0
	Maximum resident set size (kbytes): 1178388
	Average resident set size (kbytes): 0
	Major (requiring I/O) page faults: 0
	Minor (reclaiming a frame) page faults: 299795
	Voluntary context switches: 1
	Involuntary context switches: 73
	Swaps: 0
	File system inputs: 0
	File system outputs: 24
	Socket messages sent: 0
	Socket messages received: 0
	Signals delivered: 0
	Page size (bytes): 4096
	Exit status: 0
