File /home/cc/research/datasets/nytimes/base.fvecs loaded
Rows 290000 Cols 256
File /home/cc/research/datasets/nytimes/query.fvecs loaded
Rows 100 Cols 256
File /home/cc/research/datasets/nytimes/groundtruth.ivecs loaded
Rows 100 Cols 100
File /home/cc/index/ivf_index/nytimes_centroids_4096.fvecs loaded
Rows 4096 Cols 256
File /home/cc/index/ivf_index/nytimes_clusterids_4096.ivecs loaded
Rows 290000 Cols 1
data loaded
	N: 290000
	DIM: 256
FhtKacRotator is selected
Start IVF construction...
	Loading clustering information...
Allocating memory for IVF...
Indexing time 0.190658
0.1734	5
0.3283	10
0.5805	20
0.7832	30
0.8621	40
0.8816	50
0.9189	60
0.9332	70
nprobe	QPS	recall
5	3201.33	0.1734
10	2559.7	0.3283
20	1979.92	0.5805
30	1693.44	0.7832
40	1534.56	0.8621
50	1424.25	0.8816
60	1333.09	0.9189
70	1265.82	0.9332
80	1205.61	0.9332
	Command being timed: "./bin/ivf_rabitq_indexing /home/cc/research/datasets/nytimes/base.fvecs /home/cc/research/datasets/nytimes/query.fvecs /home/cc/research/datasets/nytimes/groundtruth.ivecs /home/cc/index/ivf_index/nytimes_centroids_4096.fvecs /home/cc/index/ivf_index/nytimes_clusterids_4096.ivecs 4"
	User time (seconds): 14.78
	System time (seconds): 0.20
	Percent of CPU this job got: 99%
	Elapsed (wall clock) time (h:mm:ss or m:ss): 0:14.99
	Average shared text size (kbytes): 0
	Average unshared data size (kbytes): 0
	Average stack size (kbytes): 0
	Average total size (kbytes): 0
	Maximum resident set size (kbytes): 356868
	Average resident set size (kbytes): 0
	Major (requiring I/O) page faults: 0
	Minor (reclaiming a frame) page faults: 91337
	Voluntary context switches: 1
	Involuntary context switches: 23
	Swaps: 0
	File system inputs: 0
	File system outputs: 16
	Socket messages sent: 0
	Socket messages received: 0
	Signals delivered: 0
	Page size (bytes): 4096
	Exit status: 0
