File /home/cc/research/datasets/geofon/base.fvecs loaded
Rows 275174 Cols 128
File /home/cc/research/datasets/geofon/query.fvecs loaded
Rows 100 Cols 128
File /home/cc/research/datasets/geofon/groundtruth.ivecs loaded
Rows 100 Cols 100
File /home/cc/index/ivf_index/geofon_centroids_4096.fvecs loaded
Rows 4096 Cols 128
File /home/cc/index/ivf_index/geofon_clusterids_4096.ivecs loaded
Rows 275174 Cols 1
data loaded
	N: 275174
	DIM: 128
FhtKacRotator is selected
Start IVF construction...
	Loading clustering information...
Allocating memory for IVF...
Indexing time 0.084072
0.7167	5
0.8793	10
0.948	20
0.9626	30
0.9696	40
0.9729	50
0.9737	60
0.9744	70
0.9751	80
0.9756	90
0.9757	100
0.9758	110
0.9759	120
nprobe	QPS	recall
5	7988.97	0.7167
10	7286.03	0.8793
20	6560.3	0.948
30	6093.45	0.9626
40	5693.52	0.9696
50	5368.29	0.9729
60	5100.95	0.9737
70	4856.13	0.9744
80	4654.12	0.9751
90	4455.07	0.9756
100	4267.58	0.9757
110	4103.79	0.9758
120	3935.24	0.9759
130	3800.58	0.9759
	Command being timed: "./bin/ivf_rabitq_indexing /home/cc/research/datasets/geofon/base.fvecs /home/cc/research/datasets/geofon/query.fvecs /home/cc/research/datasets/geofon/groundtruth.ivecs /home/cc/index/ivf_index/geofon_centroids_4096.fvecs /home/cc/index/ivf_index/geofon_clusterids_4096.ivecs 4"
	User time (seconds): 6.76
	System time (seconds): 0.10
	Percent of CPU this job got: 100%
	Elapsed (wall clock) time (h:mm:ss or m:ss): 0:06.87
	Average shared text size (kbytes): 0
	Average unshared data size (kbytes): 0
	Average stack size (kbytes): 0
	Average total size (kbytes): 0
	Maximum resident set size (kbytes): 175360
	Average resident set size (kbytes): 0
	Major (requiring I/O) page faults: 0
	Minor (reclaiming a frame) page faults: 43606
	Voluntary context switches: 1
	Involuntary context switches: 11
	Swaps: 0
	File system inputs: 0
	File system outputs: 8
	Socket messages sent: 0
	Socket messages received: 0
	Signals delivered: 0
	Page size (bytes): 4096
	Exit status: 0
